Feb  9 10:46:17 moodledr systemd[1]: Stopping A high performance web server running assesment application and a reverse proxy server...
Feb  9 10:46:17 moodledr systemd[1]: nginx.service: Deactivated successfully.
Feb  9 10:46:17 moodledr systemd[1]: Stopped A high performance web server and a reverse proxy server.
May  9 10:46:34 moodledr systemd[1]: Starting A high performance web server and a reverse proxy server...
May  9 10:46:34 moodledr systemd[1]: Started A high performance web server and a reverse proxy server.
May  7 20:29:31 moodledr python3[794]: 2023-05-07T20:29:31.015390Z INFO ExtHandler Fetch goal state completed
May  7 20:29:31 moodledr python3[794]: 2023-05-07T20:29:31.031314Z INFO ExtHandler ExtHandler WALinuxAgent-2.9.0.4 running as process 794
May  7 20:29:31 moodledr python3[794]: 2023-05-07T20:29:31.034465Z INFO ExtHandler ExtHandler [CGI] systemd version: systemd 249 (249.11-0ubuntu3.7)
May  7 20:29:31 moodledr python3[794]: +PAM +AUDIT +SELINUX +APPARMOR +IMA +SMACK +SECCOMP +GCRYPT +GNUTLS +OPENSSL +ACL +BLKID +CURL +ELFUTILS +FIDO2 +IDN2 -IDN +IPTC +KMOD +LIBCRYPTSETUP +LIBFDISK +PCRE2 -PWQUALITY -P11KIT -QRENCODE +BZIP2 +LZ4 +XZ +ZLIB +ZSTD -XKBCOMMON +UTMP +SYSVINIT default-hierarchy=unified
May  7 20:29:31 moodledr python3[794]: 2023-05-07T20:29:31.043311Z INFO ExtHandler ExtHandler [CGW] The CPU cgroup controller is not mounted
May  7 20:29:31 moodledr python3[794]: 2023-05-07T20:29:31.043642Z INFO ExtHandler ExtHandler [CGW] The memory cgroup controller is not mounted
May  7 20:29:31 moodledr python3[794]: 2023-05-07T20:29:31.045650Z INFO ExtHandler ExtHandler [CGI] cgroups v2 mounted at /sys/fs/cgroup.  Controllers: [cpuset cpu io memory hugetlb pids rdma misc
May  7 20:29:31 moodledr python3[794]: ]
May  7 20:29:31 moodledr python3[794]: 2023-05-07T20:29:31.046169Z INFO ExtHandler ExtHandler [CGW] The agent's process is not within a CPU cgroup
May  7 20:29:31 moodledr python3[794]: 2023-05-07T20:29:31.046493Z INFO ExtHandler ExtHandler [CGW] The agent's process is not within a memory cgroup
May  7 20:29:31 moodledr python3[794]: 2023-05-07T20:29:31.046740Z INFO ExtHandler ExtHandler [CGI] Agent cgroups enabled: False
May  7 20:29:31 moodledr python3[794]: 2023-05-07T20:29:31.047258Z INFO ExtHandler ExtHandler Starting setup for Persistent firewall rules
May  7 20:29:31 moodledr python3[794]: 2023-05-07T20:29:31.048951Z INFO ExtHandler ExtHandler Firewalld service not running/unavailable, trying to set up walinuxagent-network-setup.service
May  7 20:29:31 moodledr python3[794]: 2023-05-07T20:29:31.049121Z INFO ExtHandler ExtHandler Successfully updated the Binary file /var/lib/waagent/waagent-network-setup.py for firewall setup
May  7 20:29:31 moodledr python3[794]: 2023-05-07T20:29:31.055598Z INFO ExtHandler ExtHandler Unit file version matches with expected version: 1.3, not overwriting unit file
May  7 20:29:31 moodledr python3[794]: 2023-05-07T20:29:31.055724Z INFO ExtHandler ExtHandler Service: walinuxagent-network-setup.service already enabled. No change needed.
May  7 20:29:31 moodledr python3[794]: 2023-05-07T20:29:31.107408Z INFO ExtHandler ExtHandler Logs from the walinuxagent-network-setup.service since system boot:
May  7 20:29:31 moodledr python3[794]:  May 07 20:29:24 moodledr python3[200]: Setting up firewall for the WALinux Agent with args: {'dst_ip': '168.63.129.16', 'uid': '0', 'wait': '-w'}
May  7 20:29:31 moodledr python3[794]: May 07 20:29:24 moodledr python3[200]: Successfully set the firewall rules
May  7 20:29:31 moodledr python3[794]: May 07 20:29:24 moodledr systemd[1]: Finished Setup network rules for WALinuxAgent.
May  7 20:29:31 moodledr python3[794]: 2023-05-07T20:29:31.108033Z INFO ExtHandler ExtHandler Persistent firewall rules setup successfully
May  7 20:29:31 moodledr python3[794]: 2023-05-07T20:29:31.115928Z INFO ExtHandler ExtHandler Not setting the firewall rule to allow DNS TCP request to wireserver for a non root user since it already exists
May  7 20:29:31 moodledr python3[794]: 2023-05-07T20:29:31.117221Z INFO ExtHandler ExtHandler Checking if log collection is allowed at this time [False]. All three conditions must be met: configuration enabled [True], cgroups enabled [False], python supported: [True]
May  7 20:29:31 moodledr python3[794]: 2023-05-07T20:29:31.119406Z INFO MonitorHandler ExtHandler WireServer endpoint 168.63.129.16 read from file
May  7 20:29:31 moodledr python3[794]: 2023-05-07T20:29:31.119495Z INFO MonitorHandler ExtHandler Wire server endpoint:168.63.129.16
May  7 20:29:31 moodledr python3[794]: 2023-05-07T20:29:31.119742Z INFO MonitorHandler ExtHandler Monitor.NetworkConfigurationChanges is disabled.
May  7 20:29:31 moodledr python3[794]: 2023-05-07T20:29:31.119890Z INFO MonitorHandler ExtHandler Routing table from /proc/net/route:
May  7 20:29:31 moodledr python3[794]: Iface#011Destination#011Gateway #011Flags#011RefCnt#011Use#011Metric#011Mask#011#011MTU#011Window#011IRTT
May  7 20:29:31 moodledr python3[794]: eth0#01100000000#0110100020A#0110003#0110#0110#011100#01100000000#0110#0110#0110
May  7 20:29:31 moodledr python3[794]: eth0#0110000020A#01100000000#0110001#0110#0110#011100#01100FFFFFF#0110#0110#0110
May  7 20:29:31 moodledr python3[794]: eth0#0110100020A#01100000000#0110005#0110#0110#011100#011FFFFFFFF#0110#0110#0110
May  7 20:29:31 moodledr python3[794]: eth0#01110813FA8#0110100020A#0110007#0110#0110#011100#011FFFFFFFF#0110#0110#0110
May  7 20:29:31 moodledr python3[794]: eth0#011FEA9FEA9#0110100020A#0110007#0110#0110#011100#011FFFFFFFF#0110#0110#0110
May  7 20:29:31 moodledr python3[794]: 2023-05-07T20:29:31.121356Z INFO ExtHandler ExtHandler Starting env monitor service.
May  7 20:29:31 moodledr python3[794]: 2023-05-07T20:29:31.123583Z INFO ExtHandler ExtHandler Start SendTelemetryHandler service.
May  7 20:29:31 moodledr python3[794]: 2023-05-07T20:29:31.123807Z INFO EnvHandler ExtHandler WireServer endpoint 168.63.129.16 read from file
May  7 20:29:31 moodledr python3[794]: 2023-05-07T20:29:31.123871Z INFO EnvHandler ExtHandler Wire server endpoint:168.63.129.16
May  7 20:29:31 moodledr python3[794]: 2023-05-07T20:29:31.124064Z INFO EnvHandler ExtHandler Configure routes
May  7 20:29:31 moodledr python3[794]: 2023-05-07T20:29:31.124124Z INFO EnvHandler ExtHandler Gateway:None
May  7 20:29:31 moodledr python3[794]: 2023-05-07T20:29:31.124167Z INFO EnvHandler ExtHandler Routes:None
May  7 20:29:31 moodledr python3[794]: 2023-05-07T20:29:31.127423Z INFO ExtHandler ExtHandler Start Extension Telemetry service.
May  7 20:29:31 moodledr python3[794]: 2023-05-07T20:29:31.127376Z INFO SendTelemetryHandler ExtHandler Successfully started the SendTelemetryHandler thread
May  7 20:29:31 moodledr python3[794]: 2023-05-07T20:29:31.128064Z INFO MonitorHandler ExtHandler Network interfaces:
May  7 20:29:31 moodledr python3[794]: Executing ['ip', '-a', '-o', 'link']:
May  7 20:29:31 moodledr python3[794]: 1: lo: <LOOPBACK,UP,LOWER_UP> mtu 65536 qdisc noqueue state UNKNOWN mode DEFAULT group default qlen 1000\    link/loopback 00:00:00:00:00:00 brd 00:00:00:00:00:00
May  7 20:29:31 moodledr python3[794]: 2: eth0: <BROADCAST,MULTICAST,UP,LOWER_UP> mtu 1500 qdisc mq state UP mode DEFAULT group default qlen 1000\    link/ether 60:45:bd:7f:68:26 brd ff:ff:ff:ff:ff:ff
May  7 20:29:31 moodledr python3[794]: Executing ['ip', '-4', '-a', '-o', 'address']:
May  7 20:29:31 moodledr python3[794]: 1: lo    inet 127.0.0.1/8 scope host lo\       valid_lft forever preferred_lft forever
May  7 20:29:31 moodledr python3[794]: 2: eth0    inet 10.2.0.4/24 metric 100 brd 10.2.0.255 scope global eth0\       valid_lft forever preferred_lft forever
May  7 20:29:31 moodledr python3[794]: Executing ['ip', '-6', '-a', '-o', 'address']:
May  7 20:29:31 moodledr python3[794]: 1: lo    inet6 ::1/128 scope host \       valid_lft forever preferred_lft forever
May  7 20:29:31 moodledr python3[794]: 2: eth0    inet6 fe80::6245:bdff:fe7f:6826/64 scope link \       valid_lft forever preferred_lft forever
May  7 20:29:31 moodledr python3[794]: 2023-05-07T20:29:31.134045Z INFO TelemetryEventsCollector ExtHandler Extension Telemetry pipeline enabled: True
May  7 20:29:31 moodledr python3[794]: 2023-05-07T20:29:31.134162Z INFO TelemetryEventsCollector ExtHandler Successfully started the TelemetryEventsCollector thread
May  7 20:29:31 moodledr python3[794]: 2023-05-07T20:29:31.137955Z INFO ExtHandler ExtHandler Goal State Period: 6 sec. This indicates how often the agent checks for new goal states and reports status.
May  7 20:29:31 moodledr python3[794]: 2023-05-07T20:29:31.143271Z WARNING EnvHandler ExtHandler Dhcp client is not running.
May  7 20:29:31 moodledr python3[794]: 2023-05-07T20:29:31.146854Z INFO ExtHandler ExtHandler No requested version specified, checking for all versions for agent update (family: Prod)
May  7 20:29:31 moodledr python3[794]: 2023-05-07T20:29:31.168858Z INFO EnvHandler ExtHandler Current Firewall rules:
May  7 20:29:31 moodledr python3[794]: Chain INPUT (policy ACCEPT 0 packets, 0 bytes)
May  7 20:29:31 moodledr python3[794]:     pkts      bytes target     prot opt in     out     source               destination
May  7 20:29:31 moodledr python3[794]: Chain FORWARD (policy ACCEPT 0 packets, 0 bytes)
May  7 20:29:31 moodledr python3[794]:     pkts      bytes target     prot opt in     out     source               destination
May  7 20:29:31 moodledr python3[794]: Chain OUTPUT (policy ACCEPT 0 packets, 0 bytes)
May  7 20:29:31 moodledr python3[794]:     pkts      bytes target     prot opt in     out     source               destination
May  7 20:29:31 moodledr python3[794]:        0        0 ACCEPT     tcp  --  *      *       0.0.0.0/0            168.63.129.16        tcp dpt:53
May  7 20:29:31 moodledr python3[794]:       66     7501 ACCEPT     tcp  --  *      *       0.0.0.0/0            168.63.129.16        owner UID match 0
May  7 20:29:31 moodledr python3[794]:        0        0 DROP       tcp  --  *      *       0.0.0.0/0            168.63.129.16        ctstate INVALID,NEW
May  7 20:29:31 moodledr python3[794]: 2023-05-07T20:29:31.169537Z INFO EnvHandler ExtHandler Set block dev timeout: sdb with timeout: 300
May  7 20:29:31 moodledr python3[794]: 2023-05-07T20:29:31.169758Z INFO EnvHandler ExtHandler Set block dev timeout: sda with timeout: 300
May  7 20:29:31 moodledr python3[794]: 2023-05-07T20:29:31.219809Z INFO ExtHandler ExtHandler
May  7 20:29:31 moodledr python3[794]: 2023-05-07T20:29:31.219887Z INFO ExtHandler ExtHandler ProcessExtensionsGoalState started [incarnation_1 channel: WireServer source: Fabric activity: d8aee228-3658-4335-a5dc-6f7a131ee5ad correlation f2304c74-5a19-44dd-a2bf-9be38f6299a7 created: 2023-05-07T20:29:05.962135Z]
May  7 20:29:31 moodledr python3[794]: 2023-05-07T20:29:31.220235Z INFO ExtHandler ExtHandler No extension handlers found, not processing anything.
May  7 20:29:31 moodledr python3[794]: 2023-05-07T20:29:31.220692Z INFO ExtHandler ExtHandler ProcessExtensionsGoalState completed [incarnation_1 0 ms]
May  7 20:29:31 moodledr systemd[1]: logrotate.service: Deactivated successfully.
May  7 20:29:31 moodledr systemd[1]: Finished Rotate log files.
May  7 20:29:31 moodledr python3[794]: 2023-05-07T20:29:31.252781Z INFO ExtHandler ExtHandler Looking for existing remote access users.
May  7 20:29:31 moodledr python3[794]: 2023-05-07T20:29:31.307069Z INFO ExtHandler ExtHandler [HEARTBEAT] Agent WALinuxAgent-2.9.0.4 is running as the goal state agent [DEBUG HeartbeatCounter: 0;HeartbeatId: 843BD6BB-139E-4C3B-9174-621D9383AE15;DroppedPackets: 0;UpdateGSErrors: 0;AutoUpdate: 1]
May  7 20:29:31 moodledr systemd[1]: Started A high performance web server and a reverse proxy server.
May  7 20:29:31 moodledr systemd[1]: phpsessionclean.service: Deactivated successfully.
May  7 20:29:31 moodledr systemd[1]: Finished Clean php session files.
May  7 20:29:32 moodledr mariadbd[834]: 2023-05-07 20:29:32 0 [Note] Starting MariaDB 10.6.12-MariaDB-0ubuntu0.22.04.1 source revision  as process 834
May  7 20:29:32 moodledr systemd[1]: Started The PHP 7.4 FastCGI Process Manager.
May  7 20:29:32 moodledr mariadbd[834]: 2023-05-07 20:29:32 0 [Note] InnoDB: Compressed tables use zlib 1.2.11
May  7 20:29:32 moodledr mariadbd[834]: 2023-05-07 20:29:32 0 [Note] InnoDB: Using transactional memory
May  7 20:29:32 moodledr mariadbd[834]: 2023-05-07 20:29:32 0 [Note] InnoDB: Number of pools: 1
May  7 20:29:32 moodledr mariadbd[834]: 2023-05-07 20:29:32 0 [Note] InnoDB: Using crc32 + pclmulqdq instructions
May  7 20:29:32 moodledr mariadbd[834]: 2023-05-07 20:29:32 0 [Note] InnoDB: Initializing buffer pool, total size = 134217728, chunk size = 134217728
May  7 20:29:32 moodledr mariadbd[834]: 2023-05-07 20:29:32 0 [Note] InnoDB: Completed initialization of buffer pool
May  7 20:29:32 moodledr systemd[1]: tmp-snap.rootfs_l7WCaw.mount: Deactivated successfully.
May  7 20:29:33 moodledr mariadbd[834]: 2023-05-07 20:29:33 0 [Note] InnoDB: 128 rollback segments are active.
May  7 20:29:33 moodledr mariadbd[834]: 2023-05-07 20:29:33 0 [Note] InnoDB: Creating shared tablespace for temporary tables
May  7 20:29:33 moodledr mariadbd[834]: 2023-05-07 20:29:33 0 [Note] InnoDB: Setting file './ibtmp1' size to 12 MB. Physically writing the file full; Please wait ...
May  7 20:29:33 moodledr mariadbd[834]: 2023-05-07 20:29:33 0 [Note] InnoDB: File './ibtmp1' size is now 12 MB.
May  7 20:29:33 moodledr mariadbd[834]: 2023-05-07 20:29:33 0 [Note] InnoDB: 10.6.12 started; log sequence number 13438291; transaction id 29804
May  7 20:29:33 moodledr mariadbd[834]: 2023-05-07 20:29:33 0 [Note] Plugin 'FEEDBACK' is disabled.
May  7 20:29:33 moodledr mariadbd[834]: 2023-05-07 20:29:33 0 [Note] InnoDB: Loading buffer pool(s) from /var/lib/mysql/ib_buffer_pool
May  7 20:29:33 moodledr mariadbd[834]: 2023-05-07 20:29:33 0 [Warning] 'innodb-file-format' was removed. It does nothing now and exists only for compatibility with old my.cnf files.
May  7 20:29:33 moodledr mariadbd[834]: 2023-05-07 20:29:33 0 [Warning] 'innodb-large-prefix' was removed. It does nothing now and exists only for compatibility with old my.cnf files.
May  7 20:29:33 moodledr mariadbd[834]: 2023-05-07 20:29:33 0 [Warning] You need to use --log-bin to make --expire-logs-days or --binlog-expire-logs-seconds work.
May  7 20:29:33 moodledr mariadbd[834]: 2023-05-07 20:29:33 0 [Note] Server socket created on IP: '127.0.0.1'.
May  7 20:29:34 moodledr mariadbd[834]: 2023-05-07 20:29:34 0 [Note] /usr/sbin/mariadbd: ready for connections.
May  7 20:29:34 moodledr mariadbd[834]: Version: '10.6.12-MariaDB-0ubuntu0.22.04.1'  socket: '/run/mysqld/mysqld.sock'  port: 3306  Ubuntu 22.04
May  7 20:29:34 moodledr systemd[1]: Started MariaDB 10.6.12 database server.
May  7 20:29:34 moodledr /etc/mysql/debian-start[979]: Upgrading MySQL tables if necessary.
May  7 20:29:34 moodledr systemd[1]: dmesg.service: Deactivated successfully.
May  7 20:29:34 moodledr /etc/mysql/debian-start[982]: Looking for 'mariadb' as: /usr/bin/mariadb
May  7 20:29:34 moodledr /etc/mysql/debian-start[982]: Looking for 'mariadb-check' as: /usr/bin/mariadb-check
May  7 20:29:34 moodledr /etc/mysql/debian-start[982]: This installation of MariaDB is already upgraded to 10.6.12-MariaDB.
May  7 20:29:34 moodledr /etc/mysql/debian-start[982]: There is no need to run mysql_upgrade again for 10.6.12-MariaDB.
May  7 20:29:34 moodledr /etc/mysql/debian-start[982]: You can use --force if you still want to run mysql_upgrade
May  7 20:29:34 moodledr /etc/mysql/debian-start[1011]: Checking for insecure root accounts.
May  7 20:29:34 moodledr /etc/mysql/debian-start[1019]: Triggering myisam-recover for all MyISAM tables and aria-recover for all Aria tables
May  7 20:29:35 moodledr snapd[695]: overlord.go:268: Acquiring state lock file
May  7 20:29:35 moodledr snapd[695]: overlord.go:273: Acquired state lock file
May  7 20:29:35 moodledr snapd[695]: daemon.go:247: started snapd/2.58.3 (series 16; classic) ubuntu/22.04 (amd64) linux/5.15.0-1035-azure.
May  7 20:29:35 moodledr lxd.activate[692]: => Starting LXD activation
May  7 20:29:35 moodledr lxd.activate[692]: ==> Loading snap configuration
May  7 20:29:35 moodledr kernel: [   16.824909] loop3: detected capacity change from 0 to 8
May  7 20:29:36 moodledr lxd.activate[692]: ==> Checking for socket activation support
May  7 20:29:36 moodledr systemd[1]: tmp-syscheck\x2dmountpoint\x2d091798352.mount: Deactivated successfully.
May  7 20:29:36 moodledr snapd[695]: daemon.go:340: adjusting startup timeout by 45s (pessimistic estimate of 30s plus 5s per snap)
May  7 20:29:36 moodledr snapd[695]: backends.go:58: AppArmor status: apparmor is enabled and all features are available
May  7 20:29:36 moodledr systemd[1]: Started Snap Daemon.
May  7 20:29:36 moodledr dbus-daemon[678]: [system] Activating via systemd: service name='org.freedesktop.timedate1' unit='dbus-org.freedesktop.timedate1.service' requested by ':1.9' (uid=0 pid=695 comm="/usr/lib/snapd/snapd " label="unconfined")
May  7 20:29:36 moodledr systemd[1]: Starting Wait until snapd is fully seeded...
May  7 20:29:36 moodledr systemd[1]: Starting Time & Date Service...
May  7 20:29:36 moodledr dbus-daemon[678]: [system] Successfully activated service 'org.freedesktop.timedate1'
May  7 20:29:36 moodledr systemd[1]: Started Time & Date Service.
May  7 20:29:36 moodledr systemd[1]: Finished Wait until snapd is fully seeded.
May  7 20:29:36 moodledr systemd[1]: Starting Apply the settings specified in cloud-config...
May  7 20:29:36 moodledr systemd[1]: Condition check resulted in Auto import assertions from block devices being skipped.
May  7 20:29:36 moodledr lxd.activate[692]: ==> Setting LXD socket ownership
May  7 20:29:36 moodledr mariadbd[834]: 2023-05-07 20:29:36 0 [Note] InnoDB: Buffer pool(s) load completed at 230507 20:29:36
May  7 20:29:36 moodledr lxd.activate[692]: ==> Setting LXD user socket ownership
May  7 20:29:36 moodledr lxd.activate[692]: ==> LXD never started on this system, no need to start it now
May  7 20:29:36 moodledr systemd[1]: snap.lxd.activate.service: Deactivated successfully.
May  7 20:29:36 moodledr systemd[1]: Finished Service for snap application lxd.activate.
May  7 20:29:36 moodledr systemd[1]: snap.lxd.activate.service: Consumed 2.947s CPU time.
May  7 20:29:36 moodledr cloud-init[1139]: Cloud-init v. 23.1.1-0ubuntu0~22.04.1 running 'modules:config' at Sun, 07 May 2023 20:29:36 +0000. Up 17.27 seconds.
May  7 20:29:36 moodledr systemd[1]: Finished Apply the settings specified in cloud-config.
May  7 20:29:36 moodledr systemd[1]: Starting Write warning to Azure ephemeral disk...
May  7 20:29:36 moodledr systemd[1]: Condition check resulted in Ubuntu Pro Background Auto Attach being skipped.
May  7 20:29:36 moodledr root: Added ephemeral disk warning to /mnt/DATALOSS_WARNING_README.txt
May  7 20:29:36 moodledr systemd[1]: Finished Write warning to Azure ephemeral disk.
May  7 20:29:36 moodledr systemd[1]: Reached target Multi-User System.
May  7 20:29:36 moodledr systemd[1]: Reached target Graphical Interface.
May  7 20:29:36 moodledr systemd[1]: Starting Execute cloud user/final scripts...
May  7 20:29:36 moodledr systemd[1]: Starting Record Runlevel Change in UTMP...
May  7 20:29:36 moodledr systemd[1]: systemd-update-utmp-runlevel.service: Deactivated successfully.
May  7 20:29:36 moodledr systemd[1]: Finished Record Runlevel Change in UTMP.
May  7 20:29:36 moodledr cloud-init[1153]: Cloud-init v. 23.1.1-0ubuntu0~22.04.1 running 'modules:final' at Sun, 07 May 2023 20:29:36 +0000. Up 17.67 seconds.
May  7 20:29:37 moodledr cloud-init[1153]: Cloud-init v. 23.1.1-0ubuntu0~22.04.1 finished at Sun, 07 May 2023 20:29:36 +0000. Datasource DataSourceAzure [seed=/var/lib/waagent].  Up 17.80 seconds
May  7 20:29:37 moodledr systemd[1]: Finished Execute cloud user/final scripts.
May  7 20:29:37 moodledr systemd[1]: Reached target Cloud-init target.
May  7 20:29:37 moodledr systemd[1]: Startup finished in 746ms (firmware) + 1.350s (loader) + 1.236s (kernel) + 16.625s (userspace) = 19.959s.
May  7 20:29:52 moodledr systemd[1]: systemd-fsckd.service: Deactivated successfully.
May  7 20:29:53 moodledr chronyd[731]: Selected source PHC0
May  7 20:29:53 moodledr chronyd[731]: System clock TAI offset set to 37 seconds
May  7 20:30:07 moodledr systemd[1]: systemd-timedated.service: Deactivated successfully.
May  7 20:30:08 moodledr kernel: [   48.960584] hv_balloon: Max. dynamic memory size: 4096 MB
May  7 20:34:20 moodledr systemd[1]: Starting Download data for packages that failed at package install time...
May  7 20:34:20 moodledr systemd[1]: update-notifier-download.service: Deactivated successfully.
May  7 20:34:20 moodledr systemd[1]: Finished Download data for packages that failed at package install time.
May  7 20:34:37 moodledr dbus-daemon[678]: [system] Activating via systemd: service name='org.freedesktop.timedate1' unit='dbus-org.freedesktop.timedate1.service' requested by ':1.9' (uid=0 pid=695 comm="/usr/lib/snapd/snapd " label="unconfined")
May  7 20:34:37 moodledr systemd[1]: Starting Time & Date Service...
May  7 20:34:37 moodledr dbus-daemon[678]: [system] Successfully activated service 'org.freedesktop.timedate1'
May  7 20:34:37 moodledr systemd[1]: Started Time & Date Service.
May  7 20:34:38 moodledr snapd[695]: storehelpers.go:769: cannot refresh: snap has no updates available: "lxd", "snapd"
May  7 20:34:42 moodledr systemd[1]: Reloading.
May  7 20:34:42 moodledr kernel: [  323.617760] loop3: detected capacity change from 0 to 129712
May  7 20:34:42 moodledr systemd[1]: Mounting Mount unit for core20, revision 1879...
May  7 20:34:42 moodledr systemd[1]: Mounted Mount unit for core20, revision 1879.
May  7 20:34:47 moodledr snapd[695]: storehelpers.go:769: cannot refresh snap "core20": snap has no updates available
May  7 20:35:07 moodledr systemd[1]: systemd-timedated.service: Deactivated successfully.
May  7 20:39:00 moodledr systemd[1]: Starting Clean php session files...
May  7 20:39:00 moodledr systemd[1]: phpsessionclean.service: Deactivated successfully.
May  7 20:39:00 moodledr systemd[1]: Finished Clean php session files.
May  7 20:39:01 moodledr CRON[1326]: (root) CMD (  [ -x /usr/lib/php/sessionclean ] && if [ ! -d /run/systemd/system ]; then /usr/lib/php/sessionclean; fi)
May  7 20:39:31 moodledr rsyslogd: [origin software="rsyslogd" swVersion="8.2112.0" x-pid="690" x-info="https://www.rsyslog.com"] rsyslogd was HUPed
May  7 20:43:14 moodledr kernel: [  835.632376] hv_utils: Shutdown request received - graceful shutdown initiated
May  7 20:43:14 moodledr systemd[1]: Removed slice Slice /system/modprobe.
May  7 20:43:14 moodledr systemd[1]: Stopped target Cloud-init target.
May  7 20:43:14 moodledr systemd[1]: Stopped target Graphical Interface.
May  7 20:43:14 moodledr systemd[1]: Stopped target Timer Units.
May  7 20:43:14 moodledr systemd[1]: apt-daily-upgrade.timer: Deactivated successfully.
May  7 20:43:14 moodledr systemd[1]: Stopped Daily apt upgrade and clean activities.
May  7 20:43:14 moodledr systemd[1]: apt-daily.timer: Deactivated successfully.
May  7 20:43:14 moodledr systemd[1]: Stopped Daily apt download activities.
May  7 20:43:14 moodledr systemd[1]: dpkg-db-backup.timer: Deactivated successfully.
May  7 20:43:14 moodledr systemd[1]: Stopped Daily dpkg database backup timer.
May  7 20:43:14 moodledr systemd[1]: e2scrub_all.timer: Deactivated successfully.
May  7 20:43:14 moodledr systemd[1]: Stopped Periodic ext4 Online Metadata Check for All Filesystems.
May  7 20:43:14 moodledr systemd[1]: fstrim.timer: Deactivated successfully.
May  7 20:43:14 moodledr systemd[1]: Stopped Discard unused blocks once a week.
May  7 20:43:14 moodledr systemd[1]: logrotate.timer: Deactivated successfully.
May  7 20:43:14 moodledr systemd[1]: Stopped Daily rotation of log files.
May  7 20:43:14 moodledr systemd[1]: man-db.timer: Deactivated successfully.
May  7 20:43:14 moodledr systemd[1]: Stopped Daily man-db regeneration.
May  7 20:43:14 moodledr systemd[1]: motd-news.timer: Deactivated successfully.
May  7 20:43:14 moodledr systemd[1]: Stopped Message of the Day.
May  7 20:43:14 moodledr systemd[1]: phpsessionclean.timer: Deactivated successfully.
May  7 20:43:14 moodledr systemd[1]: Stopped Clean PHP session files every 30 mins.
May  7 20:43:14 moodledr systemd[1]: systemd-tmpfiles-clean.timer: Deactivated successfully.
May  7 20:43:14 moodledr systemd[1]: Stopped Daily Cleanup of Temporary Directories.
May  7 20:43:14 moodledr systemd[1]: ua-timer.timer: Deactivated successfully.
May  7 20:43:14 moodledr systemd[1]: Stopped Ubuntu Advantage Timer for running repeated jobs.
May  7 20:43:14 moodledr systemd[1]: update-notifier-download.timer: Deactivated successfully.
May  7 20:43:14 moodledr systemd[1]: Stopped Download data for packages that failed at package install time.
May  7 20:43:14 moodledr systemd[1]: update-notifier-motd.timer: Deactivated successfully.
May  7 20:43:14 moodledr systemd[1]: Stopped Check to see whether there is a new version of Ubuntu available.
May  7 20:43:14 moodledr systemd[1]: Stopped target System Time Synchronized.
May  7 20:43:14 moodledr systemd[1]: lvm2-lvmpolld.socket: Deactivated successfully.
May  7 20:43:14 moodledr systemd[1]: Closed LVM2 poll daemon socket.
May  7 20:43:14 moodledr systemd[1]: systemd-rfkill.socket: Deactivated successfully.
May  7 20:43:14 moodledr systemd[1]: Closed Load/Save RF Kill Switch Status /dev/rfkill Watch.
May  7 20:43:14 moodledr systemd[1]: Unmounting /mnt...
May  7 20:43:14 moodledr systemd[1]: Stopping Availability of block devices...
May  7 20:43:14 moodledr systemd[1]: cloud-final.service: Deactivated successfully.
May  7 20:43:14 moodledr systemd[1]: Stopped Execute cloud user/final scripts.
May  7 20:43:14 moodledr systemd[1]: Stopped target Multi-User System.
May  7 20:43:14 moodledr systemd[1]: Stopped target Login Prompts.
May  7 20:43:14 moodledr systemd[1]: Stopping LSB: automatic crash report generation...
May  7 20:43:14 moodledr blkdeactivate[1349]: Deactivating block devices:
May  7 20:43:14 moodledr systemd[1]: Stopping chrony, an NTP client/server...
May  7 20:43:14 moodledr chronyd[731]: chronyd exiting
May  7 20:43:14 moodledr systemd[1]: Stopping Regular background program processing daemon...
May  7 20:43:14 moodledr systemd[1]: ephemeral-disk-warning.service: Deactivated successfully.
May  7 20:43:14 moodledr systemd[1]: Stopped Write warning to Azure ephemeral disk.
May  7 20:43:14 moodledr systemd[1]: cloud-config.service: Deactivated successfully.
May  7 20:43:14 moodledr systemd[1]: Stopped Apply the settings specified in cloud-config.
May  7 20:43:14 moodledr systemd[1]: Stopped target Cloud-config availability.
May  7 20:43:14 moodledr systemd[1]: Stopping Create final runtime dir for shutdown pivot root...
May  7 20:43:14 moodledr systemd[1]: Stopping Getty on tty1...
May  7 20:43:14 moodledr systemd[1]: Stopping irqbalance daemon...
May  7 20:43:14 moodledr systemd[1]: Stopping MariaDB 10.6.12 database server...
May  7 20:43:14 moodledr mariadbd[834]: 2023-05-07 20:43:14 0 [Note] /usr/sbin/mariadbd (initiated by: unknown): Normal shutdown
May  7 20:43:14 moodledr systemd[1]: Stopping Dispatcher daemon for systemd-networkd...
May  7 20:43:14 moodledr snapd[695]: main.go:155: Exiting on terminated signal.
May  7 20:43:14 moodledr snapd[695]: overlord.go:512: Released state lock file
May  7 20:43:14 moodledr systemd[1]: Stopping A high performance web server and a reverse proxy server...
May  7 20:43:14 moodledr systemd[1]: Stopping The PHP 7.4 FastCGI Process Manager...
May  7 20:43:14 moodledr systemd[1]: plymouth-quit.service: Deactivated successfully.
May  7 20:43:14 moodledr systemd[1]: Stopped Terminate Plymouth Boot Screen.
May  7 20:43:14 moodledr systemd[1]: Stopping System Logging Service...
May  7 20:43:14 moodledr systemd[1]: Stopping Serial Getty on ttyS0...
May  7 20:43:14 moodledr systemd[1]: snapd.seeded.service: Deactivated successfully.
May  7 20:43:14 moodledr systemd[1]: Stopped Wait until snapd is fully seeded.
May  7 20:43:14 moodledr systemd[1]: Stopping Snap Daemon...
May  7 20:43:14 moodledr systemd[1]: Condition check resulted in Ubuntu core (all-snaps) system shutdown helper setup service being skipped.
May  7 20:43:14 moodledr systemd[1]: Stopping OpenBSD Secure Shell server...
May  7 20:43:14 moodledr systemd[1]: Stopping Load/Save Random Seed...
May  7 20:43:14 moodledr systemd[1]: Stopping Unattended Upgrades Shutdown...
May  8 05:29:09 moodledr systemd-fsck[197]: cloudimg-rootfs: clean, 111869/3870720 files, 1066426/7836155 blocks
May  8 05:29:09 moodledr systemd[1]: Mounted Huge Pages File System.
May  8 05:29:09 moodledr systemd[1]: Mounted POSIX Message Queue File System.
May  8 05:29:09 moodledr systemd[1]: Mounted Kernel Debug File System.
May  8 05:29:09 moodledr systemd[1]: Mounted Kernel Trace File System.
May  8 05:29:09 moodledr systemd[1]: Finished Set the console keyboard layout.
May  8 05:29:09 moodledr systemd[1]: Finished Create List of Static Device Nodes.
May  8 05:29:09 moodledr systemd[1]: modprobe@chromeos_pstore.service: Deactivated successfully.
May  8 05:29:09 moodledr systemd[1]: Finished Load Kernel Module chromeos_pstore.
May  8 05:29:09 moodledr systemd[1]: modprobe@configfs.service: Deactivated successfully.
May  8 05:29:09 moodledr systemd[1]: Finished Load Kernel Module configfs.
May  8 05:29:09 moodledr systemd[1]: modprobe@drm.service: Deactivated successfully.
May  8 05:29:09 moodledr systemd[1]: Finished Load Kernel Module drm.
May  8 05:29:09 moodledr systemd[1]: modprobe@efi_pstore.service: Deactivated successfully.
May  8 05:29:09 moodledr systemd[1]: Finished Load Kernel Module efi_pstore.
May  8 05:29:09 moodledr systemd[1]: modprobe@fuse.service: Deactivated successfully.
May  8 05:29:09 moodledr systemd[1]: Finished Load Kernel Module fuse.
May  8 05:29:09 moodledr systemd[1]: modprobe@pstore_blk.service: Deactivated successfully.
May  8 05:29:09 moodledr systemd[1]: Finished Load Kernel Module pstore_blk.
May  8 05:29:09 moodledr systemd[1]: modprobe@pstore_zone.service: Deactivated successfully.
May  8 05:29:09 moodledr systemd[1]: Finished Load Kernel Module pstore_zone.
May  8 05:29:09 moodledr systemd[1]: modprobe@ramoops.service: Deactivated successfully.
May  8 05:29:09 moodledr systemd[1]: Finished Load Kernel Module ramoops.
May  8 05:29:09 moodledr systemd[1]: Finished File System Check on Root Device.
May  8 05:29:09 moodledr systemd[1]: Finished Load Kernel Modules.
May  8 05:29:09 moodledr systemd[1]: Mounting FUSE Control File System...
May  8 05:29:09 moodledr systemd[1]: Mounting Kernel Configuration File System...
May  8 05:29:09 moodledr systemd[1]: Started File System Check Daemon to report status.
May  8 05:29:09 moodledr systemd[1]: Starting Remount Root and Kernel File Systems...
May  8 05:29:09 moodledr systemd[1]: Starting Apply Kernel Variables...
May  8 05:29:09 moodledr systemd[1]: Mounted FUSE Control File System.
May  8 05:29:09 moodledr systemd[1]: Mounted Kernel Configuration File System.
May  8 05:29:09 moodledr systemd[1]: Finished Apply Kernel Variables.
May  8 05:29:09 moodledr systemd[1]: Finished Coldplug All udev Devices.
May  8 05:29:09 moodledr systemd[1]: Finished Remount Root and Kernel File Systems.
May  8 05:29:09 moodledr systemd[1]: Starting Device-Mapper Multipath Device Controller...
May  8 05:29:09 moodledr systemd[1]: Starting Flush Journal to Persistent Storage...
May  8 05:29:09 moodledr systemd[1]: Condition check resulted in Platform Persistent Storage Archival being skipped.
May  8 05:29:09 moodledr systemd[1]: Starting Load/Save Random Seed...
May  8 05:29:09 moodledr systemd[1]: Starting Create System Users...
May  8 05:29:09 moodledr systemd[1]: Finished Create System Users.
May  8 05:29:09 moodledr systemd[1]: Starting Create Static Device Nodes in /dev...
May  8 05:29:09 moodledr multipathd[222]: --------start up--------
May  8 05:29:09 moodledr multipathd[222]: read /etc/multipath.conf
May  8 05:29:09 moodledr multipathd[222]: path checkers start up
May  8 05:29:09 moodledr systemd[1]: Finished Load/Save Random Seed.
May  8 05:29:09 moodledr systemd[1]: Condition check resulted in First Boot Complete being skipped.
May  8 05:29:09 moodledr systemd[1]: Finished Create Static Device Nodes in /dev.
May  8 05:29:09 moodledr systemd[1]: Starting Rule-based Manager for Device Events and Files...
May  8 05:29:09 moodledr systemd[1]: Started Device-Mapper Multipath Device Controller.
May  8 05:29:09 moodledr systemd[1]: Started Rule-based Manager for Device Events and Files.
May  8 05:29:09 moodledr systemd[1]: Condition check resulted in Show Plymouth Boot Screen being skipped.
May  8 05:29:09 moodledr systemd[1]: Started Dispatch Password Requests to Console Directory Watch.
May  8 05:29:09 moodledr systemd[1]: Condition check resulted in Forward Password Requests to Plymouth Directory Watch being skipped.
May  8 05:29:09 moodledr systemd[1]: Reached target Local Encrypted Volumes.
May  8 05:29:09 moodledr systemd[1]: Found device /dev/ttyS0.
May  8 05:29:09 moodledr systemd[1]: Listening on Load/Save RF Kill Switch Status /dev/rfkill Watch.
May  8 05:29:09 moodledr systemd[1]: Found device /sys/devices/virtual/misc/vmbus!hv_kvp.
May  8 05:29:09 moodledr systemd[1]: Started Hyper-V KVP Protocol Daemon.
May  8 05:29:09 moodledr systemd[1]: Finished Flush Journal to Persistent Storage.
May  8 05:29:09 moodledr KVP: KVP starting; pid is:293
May  8 05:29:09 moodledr KVP: KVP LIC Version: 3.1
May  8 05:29:09 moodledr systemd-udevd[248]: Using default interface naming scheme 'v249'.
May  8 05:29:09 moodledr systemd-udevd[244]: sdb: Process '/usr/bin/unshare -m /usr/bin/snap auto-import --mount=/dev/sdb' failed with exit code 1.
May  8 05:29:09 moodledr systemd-udevd[251]: sda: Process '/usr/bin/unshare -m /usr/bin/snap auto-import --mount=/dev/sda' failed with exit code 1.
May  8 05:29:09 moodledr systemd-udevd[244]: sda14: Process '/usr/bin/unshare -m /usr/bin/snap auto-import --mount=/dev/sda14' failed with exit code 1.
May  8 05:29:09 moodledr systemd-udevd[251]: sda1: Process '/usr/bin/unshare -m /usr/bin/snap auto-import --mount=/dev/sda1' failed with exit code 1.
May  8 05:29:09 moodledr systemd-udevd[236]: sda15: Process '/usr/bin/unshare -m /usr/bin/snap auto-import --mount=/dev/sda15' failed with exit code 1.
May  8 05:29:09 moodledr systemd-udevd[232]: sdb1: Process '/usr/bin/unshare -m /usr/bin/snap auto-import --mount=/dev/sdb1' failed with exit code 1.
May  8 05:29:09 moodledr systemd[1]: Found device Virtual_Disk UEFI.
May  8 05:29:09 moodledr systemd[1]: Condition check resulted in Virtual_Disk Temporary_Storage being skipped.
May  8 05:29:09 moodledr systemd[1]: Finished Monitoring of LVM2 mirrors, snapshots etc. using dmeventd or progress polling.
May  8 05:29:09 moodledr systemd[1]: Reached target Preparation for Local File Systems.
May  8 05:29:09 moodledr systemd[1]: Mounting Mount unit for core20, revision 1852...
May  8 05:29:09 moodledr systemd[1]: Mounting Mount unit for core20, revision 1879...
May  8 05:29:09 moodledr systemd[1]: Mounting Mount unit for lxd, revision 24322...
May  8 05:29:09 moodledr systemd[1]: Mounting Mount unit for snapd, revision 18596...
May  8 05:29:09 moodledr systemd[1]: Starting File System Check on /dev/disk/by-uuid/EB83-1D8A...
May  8 05:29:09 moodledr systemd[1]: Starting File System Check on /dev/disk/cloud/azure_resource-part1...
May  8 05:29:09 moodledr systemd[1]: Mounted Mount unit for core20, revision 1852.
May  8 05:29:09 moodledr systemd[1]: Mounted Mount unit for lxd, revision 24322.
May  8 05:29:09 moodledr systemd[1]: Mounted Mount unit for snapd, revision 18596.
May  8 05:29:09 moodledr systemd-fsck[423]: sdb1: fsck.ntfs doesn't exist, not checking file system.
May  8 05:29:09 moodledr systemd[1]: Finished File System Check on /dev/disk/cloud/azure_resource-part1.
May  8 05:29:09 moodledr systemd-fsck[432]: fsck.fat 4.2 (2021-01-31)
May  8 05:29:09 moodledr systemd-fsck[432]: /dev/sda15: 12 files, 12363/213716 clusters
May  8 05:29:09 moodledr systemd[1]: Finished File System Check on /dev/disk/by-uuid/EB83-1D8A.
May  8 05:29:09 moodledr systemd[1]: Mounting /boot/efi...
May  8 05:29:09 moodledr systemd[1]: Mounted /boot/efi.
May  8 05:29:09 moodledr systemd[1]: Mounted Mount unit for core20, revision 1879.
May  8 05:29:09 moodledr systemd[1]: Reached target Mounted snaps.
May  8 05:29:09 moodledr systemd[1]: Reached target Local File Systems.
May  8 05:29:09 moodledr systemd[1]: Starting Load AppArmor profiles...
May  8 05:29:09 moodledr systemd[1]: Starting Set console font and keymap...
May  8 05:29:09 moodledr systemd[1]: Starting Create final runtime dir for shutdown pivot root...
May  8 05:29:09 moodledr apparmor.systemd[446]: Restarting AppArmor
May  8 05:29:09 moodledr apparmor.systemd[446]: Reloading AppArmor profiles
May  8 05:29:09 moodledr systemd[1]: Starting Tell Plymouth To Write Out Runtime Data...
May  8 05:29:09 moodledr systemd[1]: Condition check resulted in Set Up Additional Binary Formats being skipped.
May  8 05:29:09 moodledr systemd[1]: Condition check resulted in Store a System Token in an EFI Variable being skipped.
May  8 05:29:09 moodledr systemd[1]: Condition check resulted in Commit a transient machine-id on disk being skipped.
May  8 05:29:09 moodledr systemd[1]: Starting Create Volatile Files and Directories...
May  8 05:29:09 moodledr systemd[1]: Starting Uncomplicated firewall...
May  8 05:29:09 moodledr systemd[1]: Finished Set console font and keymap.
May  8 05:29:09 moodledr systemd[1]: Finished Create final runtime dir for shutdown pivot root.
May  8 05:29:09 moodledr systemd[1]: Finished Tell Plymouth To Write Out Runtime Data.
May  8 05:29:09 moodledr systemd[1]: Finished Uncomplicated firewall.
May  8 05:29:09 moodledr systemd[1]: Finished Create Volatile Files and Directories.
May  8 05:29:09 moodledr systemd[1]: Starting Record System Boot/Shutdown in UTMP...
May  8 05:29:09 moodledr apparmor.systemd[470]: Skipping profile in /etc/apparmor.d/disable: usr.sbin.rsyslogd
May  8 05:29:09 moodledr systemd[1]: Finished Record System Boot/Shutdown in UTMP.
May  8 05:29:09 moodledr systemd[1]: Finished Load AppArmor profiles.
May  8 05:29:09 moodledr systemd[1]: Starting Load AppArmor profiles managed internally by snapd...
May  8 05:29:09 moodledr systemd[1]: Condition check resulted in Authentication service for virtual machines hosted on VMware being skipped.
May  8 05:29:09 moodledr systemd[1]: Condition check resulted in Service for virtual machines hosted on VMware being skipped.
May  8 05:29:09 moodledr systemd[1]: Starting Initial cloud-init job (pre-networking)...
May  8 05:29:09 moodledr systemd[1]: proc-sys-fs-binfmt_misc.automount: Got automount request for /proc/sys/fs/binfmt_misc, triggered by 471 (snapd-apparmor)
May  8 05:29:09 moodledr systemd[1]: Mounting Arbitrary Executable File Formats File System...
May  8 05:29:09 moodledr systemd[1]: Mounted Arbitrary Executable File Formats File System.
May  8 05:29:09 moodledr systemd[1]: Finished Load AppArmor profiles managed internally by snapd.
May  8 05:29:09 moodledr cloud-init[507]: Cloud-init v. 23.1.1-0ubuntu0~22.04.1 running 'init-local' at Mon, 08 May 2023 05:28:44 +0000. Up 3.57 seconds.
May  8 05:29:09 moodledr systemd-udevd[248]: eth0: Could not set WakeOnLan to off, ignoring: Operation not supported
May  8 05:29:09 moodledr dhclient[525]: Internet Systems Consortium DHCP Client 4.4.1
May  8 05:29:09 moodledr dhclient[525]: Copyright 2004-2018 Internet Systems Consortium.
May  8 05:29:09 moodledr dhclient[525]: All rights reserved.
May  8 05:29:09 moodledr dhclient[525]: For info, please visit https://www.isc.org/software/dhcp/
May  8 05:29:09 moodledr dhclient[525]: 
May  8 05:29:09 moodledr dhclient[531]: execve (/bin/true, ...): Permission denied
May  8 05:29:09 moodledr dhclient[525]: Listening on LPF/eth0/60:45:bd:7f:68:26
May  8 05:29:09 moodledr dhclient[525]: Sending on   LPF/eth0/60:45:bd:7f:68:26
May  8 05:29:09 moodledr dhclient[525]: Sending on   Socket/fallback
May  8 05:29:09 moodledr dhclient[525]: DHCPDISCOVER on eth0 to 255.255.255.255 port 67 interval 3 (xid=0x45f1294a)
May  8 05:29:09 moodledr python3[201]: Setting up firewall for the WALinux Agent with args: {'dst_ip': '168.63.129.16', 'uid': '0', 'wait': '-w'}
May  8 05:29:09 moodledr python3[201]: Successfully set the firewall rules
May  8 05:29:09 moodledr systemd[1]: Finished Setup network rules for WALinuxAgent.
May  8 05:29:09 moodledr dhclient[525]: DHCPDISCOVER on eth0 to 255.255.255.255 port 67 interval 8 (xid=0x45f1294a)
May  8 05:29:09 moodledr dhclient[525]: DHCPDISCOVER on eth0 to 255.255.255.255 port 67 interval 21 (xid=0x45f1294a)
May  8 05:29:09 moodledr dhclient[525]: DHCPOFFER of 10.2.0.4 from 168.63.129.16
May  8 05:29:09 moodledr dhclient[525]: DHCPREQUEST for 10.2.0.4 on eth0 to 255.255.255.255 port 67 (xid=0x4a29f145)
May  8 05:29:09 moodledr dhclient[525]: DHCPACK of 10.2.0.4 from 168.63.129.16 (xid=0x45f1294a)
May  8 05:29:09 moodledr dhclient[535]: execve (/bin/true, ...): Permission denied
May  8 05:29:09 moodledr dhclient[525]: Timeout too large reducing to: 2147483646 (TIME_MAX - 1)
May  8 05:29:09 moodledr dhclient[525]: bound to 10.2.0.4 -- renewal in 4294967295 seconds.
May  8 05:29:09 moodledr systemd[1]: Condition check resulted in OpenVSwitch configuration for cleanup being skipped.
May  8 05:29:09 moodledr systemd[1]: message repeated 2 times: [ Condition check resulted in OpenVSwitch configuration for cleanup being skipped.]
May  8 05:29:09 moodledr systemd[1]: Finished Initial cloud-init job (pre-networking).
May  8 05:29:09 moodledr systemd[1]: Reached target Preparation for Network.
May  8 05:29:09 moodledr systemd[1]: Starting Network Configuration...
May  8 05:29:09 moodledr systemd-networkd[560]: lo: Link UP
May  8 05:29:09 moodledr systemd-networkd[560]: lo: Gained carrier
May  8 05:29:09 moodledr systemd-networkd[560]: Enumeration completed
May  8 05:29:09 moodledr systemd[1]: Started Network Configuration.
May  8 05:29:09 moodledr systemd-networkd[560]: eth0: Link UP
May  8 05:29:09 moodledr systemd-networkd[560]: eth0: Gained carrier
May  8 05:29:09 moodledr systemd-networkd[560]: eth0: Gained IPv6LL
May  8 05:29:09 moodledr systemd-networkd[560]: eth0: Lost carrier
May  8 05:29:09 moodledr systemd-networkd[560]: eth0: Gained carrier
May  8 05:29:09 moodledr systemd-networkd[560]: eth0: Link DOWN
May  8 05:29:09 moodledr systemd-networkd[560]: eth0: Lost carrier
May  8 05:29:09 moodledr systemd-networkd[560]: eth0: Link UP
May  8 05:29:09 moodledr systemd-networkd[560]: eth0: Gained carrier
May  8 05:29:09 moodledr systemd[1]: Starting Wait for Network to be Configured...
May  8 05:29:09 moodledr systemd[1]: Starting Network Name Resolution...
May  8 05:29:09 moodledr systemd-networkd[560]: eth0: DHCPv4 address 10.2.0.4/24 via 10.2.0.1
May  8 05:29:09 moodledr systemd-resolved[562]: Positive Trust Anchors:
May  8 05:29:09 moodledr systemd-resolved[562]: . IN DS 20326 8 2 e06d44b80b8f1d39a95c0b0d7c65d08458e880409bbc683457104237c7f8ec8d
May  8 05:29:09 moodledr systemd-resolved[562]: Negative trust anchors: home.arpa 10.in-addr.arpa 16.172.in-addr.arpa 17.172.in-addr.arpa 18.172.in-addr.arpa 19.172.in-addr.arpa 20.172.in-addr.arpa 21.172.in-addr.arpa 22.172.in-addr.arpa 23.172.in-addr.arpa 24.172.in-addr.arpa 25.172.in-addr.arpa 26.172.in-addr.arpa 27.172.in-addr.arpa 28.172.in-addr.arpa 29.172.in-addr.arpa 30.172.in-addr.arpa 31.172.in-addr.arpa 168.192.in-addr.arpa d.f.ip6.arpa corp home internal intranet lan local private test
May  8 05:29:09 moodledr systemd-resolved[562]: Using system hostname 'moodledr'.
May  8 05:29:09 moodledr systemd[1]: Started Network Name Resolution.
May  8 05:29:09 moodledr systemd[1]: Reached target Network.
May  8 05:29:09 moodledr systemd[1]: Reached target Host and Network Name Lookups.
May  8 05:29:09 moodledr systemd-networkd[560]: eth0: Gained IPv6LL
May  8 05:29:09 moodledr systemd-networkd-wait-online[561]: managing: eth0
May  8 05:29:09 moodledr systemd[1]: Finished Wait for Network to be Configured.
May  8 05:29:09 moodledr systemd[1]: Starting Initial cloud-init job (metadata service crawler)...
May  8 05:29:09 moodledr cloud-init[567]: Cloud-init v. 23.1.1-0ubuntu0~22.04.1 running 'init' at Mon, 08 May 2023 05:29:07 +0000. Up 25.69 seconds.
May  8 05:29:09 moodledr cloud-init[567]: ci-info: +++++++++++++++++++++++++++++++++++++++Net device info+++++++++++++++++++++++++++++++++++++++
May  8 05:29:09 moodledr cloud-init[567]: ci-info: +--------+------+------------------------------+---------------+--------+-------------------+
May  8 05:29:09 moodledr cloud-init[567]: ci-info: | Device |  Up  |           Address            |      Mask     | Scope  |     Hw-Address    |
May  8 05:29:09 moodledr cloud-init[567]: ci-info: +--------+------+------------------------------+---------------+--------+-------------------+
May  8 05:29:09 moodledr cloud-init[567]: ci-info: |  eth0  | True |           10.2.0.4           | 255.255.255.0 | global | 60:45:bd:7f:68:26 |
May  8 05:29:09 moodledr cloud-init[567]: ci-info: |  eth0  | True | fe80::6245:bdff:fe7f:6826/64 |       .       |  link  | 60:45:bd:7f:68:26 |
May  8 05:29:09 moodledr cloud-init[567]: ci-info: |   lo   | True |          127.0.0.1           |   255.0.0.0   |  host  |         .         |
May  8 05:29:09 moodledr cloud-init[567]: ci-info: |   lo   | True |           ::1/128            |       .       |  host  |         .         |
May  8 05:29:09 moodledr cloud-init[567]: ci-info: +--------+------+------------------------------+---------------+--------+-------------------+
May  8 05:29:09 moodledr cloud-init[567]: ci-info: ++++++++++++++++++++++++++++++Route IPv4 info+++++++++++++++++++++++++++++++
May  8 05:29:09 moodledr cloud-init[567]: ci-info: +-------+-----------------+----------+-----------------+-----------+-------+
May  8 05:29:09 moodledr cloud-init[567]: ci-info: | Route |   Destination   | Gateway  |     Genmask     | Interface | Flags |
May  8 05:29:09 moodledr cloud-init[567]: ci-info: +-------+-----------------+----------+-----------------+-----------+-------+
May  8 05:29:09 moodledr cloud-init[567]: ci-info: |   0   |     0.0.0.0     | 10.2.0.1 |     0.0.0.0     |    eth0   |   UG  |
May  8 05:29:09 moodledr cloud-init[567]: ci-info: |   1   |     10.2.0.0    | 0.0.0.0  |  255.255.255.0  |    eth0   |   U   |
May  8 05:29:09 moodledr cloud-init[567]: ci-info: |   2   |     10.2.0.1    | 0.0.0.0  | 255.255.255.255 |    eth0   |   UH  |
May  8 05:29:09 moodledr cloud-init[567]: ci-info: |   3   |  168.63.129.16  | 10.2.0.1 | 255.255.255.255 |    eth0   |  UGH  |
May  8 05:29:09 moodledr cloud-init[567]: ci-info: |   4   | 169.254.169.254 | 10.2.0.1 | 255.255.255.255 |    eth0   |  UGH  |
May  8 05:29:09 moodledr cloud-init[567]: ci-info: +-------+-----------------+----------+-----------------+-----------+-------+
May  8 05:29:09 moodledr cloud-init[567]: ci-info: +++++++++++++++++++Route IPv6 info+++++++++++++++++++
May  8 05:29:09 moodledr cloud-init[567]: ci-info: +-------+-------------+---------+-----------+-------+
May  8 05:29:09 moodledr cloud-init[567]: ci-info: | Route | Destination | Gateway | Interface | Flags |
May  8 05:29:09 moodledr cloud-init[567]: ci-info: +-------+-------------+---------+-----------+-------+
May  8 05:29:09 moodledr cloud-init[567]: ci-info: |   1   |  fe80::/64  |    ::   |    eth0   |   U   |
May  8 05:29:09 moodledr cloud-init[567]: ci-info: |   3   |    local    |    ::   |    eth0   |   U   |
May  8 05:29:09 moodledr cloud-init[567]: ci-info: |   4   |  multicast  |    ::   |    eth0   |   U   |
May  8 05:29:09 moodledr cloud-init[567]: ci-info: +-------+-------------+---------+-----------+-------+
May  8 05:29:09 moodledr ntfs-3g[578]: Version 2021.8.22 integrated FUSE 28
May  8 05:29:09 moodledr ntfs-3g[578]: Mounted /dev/sdb1 (Read-Only, label "Temporary Storage", NTFS 3.1)
May  8 05:29:09 moodledr ntfs-3g[578]: Cmdline options: ro
May  8 05:29:09 moodledr ntfs-3g[578]: Mount options: ro,allow_other,nonempty,relatime,fsname=/dev/sdb1,blkdev,blksize=4096
May  8 05:29:09 moodledr ntfs-3g[578]: Ownership and permissions disabled, configuration type 7
May  8 05:29:09 moodledr systemd[1]: run-cloud\x2dinit-tmp-tmpomhgc9xq.mount: Deactivated successfully.
May  8 05:29:09 moodledr ntfs-3g[578]: Unmounting /dev/sdb1 (Temporary Storage)
May  8 05:29:09 moodledr systemd[1]: systemd-fsck@dev-disk-cloud-azure_resource\x2dpart1.service: Deactivated successfully.
May  8 05:29:09 moodledr systemd[1]: Stopped File System Check on /dev/disk/cloud/azure_resource-part1.
May  8 05:29:09 moodledr systemd-udevd[580]: sdb1: Process '/usr/bin/unshare -m /usr/bin/snap auto-import --mount=/dev/sdb1' failed with exit code 1.
May  8 05:29:09 moodledr systemd[1]: Reloading.
May  8 05:29:09 moodledr systemd[1]: Finished Initial cloud-init job (metadata service crawler).
May  8 05:29:09 moodledr systemd[1]: Reached target Cloud-config availability.
May  8 05:29:09 moodledr systemd[1]: Reached target Network is Online.
May  8 05:29:09 moodledr systemd[1]: Reached target System Initialization.
May  8 05:29:09 moodledr systemd[1]: Condition check resulted in Process error reports when automatic reporting is enabled (file watch) being skipped.
May  8 05:29:09 moodledr systemd[1]: Condition check resulted in Process error reports when automatic reporting is enabled (timer based) being skipped.
May  8 05:29:09 moodledr systemd[1]: Started Daily Cleanup of Temporary Directories.
May  8 05:29:09 moodledr systemd[1]: Started Ubuntu Advantage Timer for running repeated jobs.
May  8 05:29:09 moodledr systemd[1]: Started Download data for packages that failed at package install time.
May  8 05:29:09 moodledr systemd[1]: Reached target Path Units.
May  8 05:29:09 moodledr systemd[1]: Condition check resulted in Unix socket for apport crash forwarding being skipped.
May  8 05:29:09 moodledr systemd[1]: Listening on cloud-init hotplug hook socket.
May  8 05:29:09 moodledr systemd[1]: Listening on D-Bus System Message Bus Socket.
May  8 05:29:09 moodledr systemd[1]: Listening on Open-iSCSI iscsid Socket.
May  8 05:29:09 moodledr systemd[1]: Listening on Socket unix for snap application lxd.daemon.
May  8 05:29:09 moodledr systemd[1]: Listening on Socket unix for snap application lxd.user-daemon.
May  8 05:29:09 moodledr systemd[1]: Starting Socket activation for snappy daemon...
May  8 05:29:09 moodledr systemd[1]: Listening on UUID daemon activation socket.
May  8 05:29:09 moodledr systemd[1]: Condition check resulted in Login to default iSCSI targets being skipped.
May  8 05:29:09 moodledr systemd[1]: Reached target Preparation for Remote File Systems.
May  8 05:29:09 moodledr systemd[1]: Reached target Remote File Systems.
May  8 05:29:09 moodledr systemd[1]: Finished Availability of block devices.
May  8 05:29:09 moodledr systemd[1]: Listening on Socket activation for snappy daemon.
May  8 05:29:09 moodledr systemd[1]: Reached target Socket Units.
May  8 05:29:09 moodledr systemd[1]: Reached target Basic System.
May  8 05:29:09 moodledr systemd[1]: Starting LSB: automatic crash report generation...
May  8 05:29:09 moodledr systemd[1]: Starting chrony, an NTP client/server...
May  8 05:29:09 moodledr systemd[1]: Started Regular background program processing daemon.
May  8 05:29:09 moodledr cron[684]: (CRON) INFO (pidfile fd = 3)
May  8 05:29:09 moodledr systemd[1]: Started D-Bus System Message Bus.
May  8 05:29:09 moodledr systemd[1]: Started Save initial kernel messages after boot.
May  8 05:29:09 moodledr systemd[1]: Starting Remove Stale Online ext4 Metadata Check Snapshots...
May  8 05:29:09 moodledr systemd[1]: Condition check resulted in getty on tty2-tty6 if dbus and logind are not available being skipped.
May  8 05:29:09 moodledr systemd[1]: Starting Record successful boot for GRUB...
May  8 05:29:09 moodledr cron[684]: (CRON) INFO (Running @reboot jobs)
May  8 05:29:09 moodledr systemd[1]: Condition check resulted in Hyper-V File Copy Protocol Daemon being skipped.
May  8 05:29:09 moodledr systemd[1]: Condition check resulted in Hyper-V VSS Protocol Daemon being skipped.
May  8 05:29:09 moodledr systemd[1]: Started irqbalance daemon.
May  8 05:29:09 moodledr systemd[1]: Starting MariaDB 10.6.12 database server...
May  8 05:29:09 moodledr systemd[1]: Starting Dispatcher daemon for systemd-networkd...
May  8 05:29:09 moodledr systemd[1]: Starting A high performance web server and a reverse proxy server...
May  8 05:29:09 moodledr systemd[1]: Starting The PHP 7.4 FastCGI Process Manager...
May  8 05:29:09 moodledr systemd[1]: Condition check resulted in Pollinate to seed the pseudo random number generator being skipped.
May  8 05:29:09 moodledr systemd[1]: Starting System Logging Service...
May  8 05:29:09 moodledr systemd[1]: Starting Secure Boot updates for DB and DBX...
May  8 05:29:09 moodledr dbus-daemon[685]: [system] AppArmor D-Bus mediation is enabled
May  8 05:29:09 moodledr systemd[1]: Starting Service for snap application lxd.activate...
May  8 05:29:09 moodledr systemd[1]: Condition check resulted in Userspace listener for prompt events being skipped.
May  8 05:29:09 moodledr systemd[1]: Condition check resulted in Automatically repair incorrect owner/permissions on core devices being skipped.
May  8 05:29:09 moodledr systemd[1]: Condition check resulted in Wait for the Ubuntu Core chooser trigger being skipped.
May  8 05:29:09 moodledr systemd[1]: Reached target Preparation for Logins.
May  8 05:29:09 moodledr systemd[1]: Starting Snap Daemon...
May  8 05:29:09 moodledr systemd[1]: Starting OpenBSD Secure Shell server...
May  8 05:29:09 moodledr systemd[1]: Starting User Login Management...
May  8 05:29:09 moodledr systemd[1]: Starting Permit User Sessions...
May  8 05:29:09 moodledr systemd[1]: Condition check resulted in Ubuntu Advantage reboot cmds being skipped.
May  8 05:29:09 moodledr systemd[1]: Started Azure Linux Agent.
May  8 05:29:09 moodledr systemd[1]: e2scrub_reap.service: Deactivated successfully.
May  8 05:29:09 moodledr systemd[1]: Finished Remove Stale Online ext4 Metadata Check Snapshots.
May  8 05:29:09 moodledr systemd[1]: Finished Permit User Sessions.
May  8 05:29:09 moodledr rsyslogd: imuxsock: Acquired UNIX socket '/run/systemd/journal/syslog' (fd 3) from systemd.  [v8.2112.0]
May  8 05:29:09 moodledr systemd[1]: Starting Hold until boot process finishes up...
May  8 05:29:09 moodledr rsyslogd: rsyslogd's groupid changed to 111
May  8 05:29:09 moodledr rsyslogd: rsyslogd's userid changed to 104
May  8 05:29:09 moodledr rsyslogd: [origin software="rsyslogd" swVersion="8.2112.0" x-pid="695" x-info="https://www.rsyslog.com"] start
May  8 05:29:09 moodledr systemd[1]: Starting Terminate Plymouth Boot Screen...
May  8 05:29:09 moodledr kernel: [    0.000000] Linux version 5.15.0-1035-azure (buildd@lcy02-amd64-114) (gcc (Ubuntu 11.3.0-1ubuntu1~22.04) 11.3.0, GNU ld (GNU Binutils for Ubuntu) 2.38) #42-Ubuntu SMP Tue Feb 28 19:41:23 UTC 2023 (Ubuntu 5.15.0-1035.42-azure 5.15.87)
May  8 05:29:09 moodledr kernel: [    0.000000] Command line: BOOT_IMAGE=/boot/vmlinuz-5.15.0-1035-azure root=PARTUUID=5ccd3576-3870-4c21-ba8c-d819cecaeb8e ro console=tty1 console=ttyS0 earlyprintk=ttyS0 panic=-1
May  8 05:29:09 moodledr kernel: [    0.000000] KERNEL supported cpus:
May  8 05:29:09 moodledr kernel: [    0.000000]   Intel GenuineIntel
May  8 05:29:09 moodledr kernel: [    0.000000]   AMD AuthenticAMD
May  8 05:29:09 moodledr kernel: [    0.000000]   Hygon HygonGenuine
May  8 05:29:09 moodledr kernel: [    0.000000]   Centaur CentaurHauls
May  8 05:29:09 moodledr kernel: [    0.000000]   zhaoxin   Shanghai  
May  8 05:29:09 moodledr kernel: [    0.000000] x86/fpu: Supporting XSAVE feature 0x001: 'x87 floating point registers'
May  8 05:29:09 moodledr kernel: [    0.000000] x86/fpu: Supporting XSAVE feature 0x002: 'SSE registers'
May  8 05:29:09 moodledr kernel: [    0.000000] x86/fpu: Supporting XSAVE feature 0x004: 'AVX registers'
May  8 05:29:09 moodledr kernel: [    0.000000] x86/fpu: Supporting XSAVE feature 0x020: 'AVX-512 opmask'
May  8 05:29:09 moodledr kernel: [    0.000000] x86/fpu: Supporting XSAVE feature 0x040: 'AVX-512 Hi256'
May  8 05:29:09 moodledr kernel: [    0.000000] x86/fpu: Supporting XSAVE feature 0x080: 'AVX-512 ZMM_Hi256'
May  8 05:29:09 moodledr kernel: [    0.000000] x86/fpu: xstate_offset[2]:  576, xstate_sizes[2]:  256
May  8 05:29:09 moodledr kernel: [    0.000000] x86/fpu: xstate_offset[5]:  832, xstate_sizes[5]:   64
May  8 05:29:09 moodledr kernel: [    0.000000] x86/fpu: xstate_offset[6]:  896, xstate_sizes[6]:  512
May  8 05:29:09 moodledr kernel: [    0.000000] x86/fpu: xstate_offset[7]: 1408, xstate_sizes[7]: 1024
May  8 05:29:09 moodledr kernel: [    0.000000] x86/fpu: Enabled xstate features 0xe7, context size is 2432 bytes, using 'compacted' format.
May  8 05:29:09 moodledr kernel: [    0.000000] signal: max sigframe size: 3632
May  8 05:29:09 moodledr kernel: [    0.000000] BIOS-provided physical RAM map:
May  8 05:29:09 moodledr kernel: [    0.000000] BIOS-e820: [mem 0x0000000000000000-0x000000000009ffff] usable
May  8 05:29:09 moodledr kernel: [    0.000000] BIOS-e820: [mem 0x00000000000c0000-0x00000000000fffff] reserved
May  8 05:29:09 moodledr kernel: [    0.000000] BIOS-e820: [mem 0x0000000000100000-0x000000003ff40fff] usable
May  8 05:29:09 moodledr kernel: [    0.000000] BIOS-e820: [mem 0x000000003ff41000-0x000000003ffc8fff] reserved
May  8 05:29:09 moodledr kernel: [    0.000000] BIOS-e820: [mem 0x000000003ffc9000-0x000000003fffafff] ACPI data
May  8 05:29:09 moodledr kernel: [    0.000000] BIOS-e820: [mem 0x000000003fffb000-0x000000003fffefff] ACPI NVS
May  8 05:29:09 moodledr kernel: [    0.000000] BIOS-e820: [mem 0x000000003ffff000-0x000000003fffffff] usable
May  8 05:29:09 moodledr kernel: [    0.000000] BIOS-e820: [mem 0x0000000100000000-0x00000001bfffffff] usable
May  8 05:29:09 moodledr kernel: [    0.000000] printk: bootconsole [earlyser0] enabled
May  8 05:29:09 moodledr kernel: [    0.000000] NX (Execute Disable) protection: active
May  8 05:29:09 moodledr kernel: [    0.000000] efi: EFI v2.70 by Microsoft
May  8 05:29:09 moodledr kernel: [    0.000000] efi: ACPI=0x3fffa000 ACPI 2.0=0x3fffa014 SMBIOS=0x3ff85000 SMBIOS 3.0=0x3ff83000 MEMATTR=0x3f5c2418 MOKvar=0x3ff80000 RNG=0x3ffd1018 
May  8 05:29:09 moodledr kernel: [    0.000000] random: crng init done
May  8 05:29:09 moodledr kernel: [    0.000000] secureboot: Secure boot disabled
May  8 05:29:09 moodledr kernel: [    0.000000] SMBIOS 3.1.0 present.
May  8 05:29:09 moodledr kernel: [    0.000000] DMI: Microsoft Corporation Virtual Machine/Virtual Machine, BIOS Hyper-V UEFI Release v4.1 05/09/2022
May  8 05:29:09 moodledr kernel: [    0.000000] Hypervisor detected: Microsoft Hyper-V
May  8 05:29:09 moodledr kernel: [    0.000000] Hyper-V: privilege flags low 0x2e7f, high 0x3b8030, hints 0x60c2c, misc 0xed7b2
May  8 05:29:09 moodledr kernel: [    0.000000] Hyper-V Host Build:20348-10.0-1-0.1381
May  8 05:29:09 moodledr kernel: [    0.000000] Hyper-V: LAPIC Timer Frequency: 0xc3500
May  8 05:29:09 moodledr kernel: [    0.000000] Hyper-V: Using hypercall for remote TLB flush
May  8 05:29:09 moodledr kernel: [    0.000000] clocksource: hyperv_clocksource_tsc_page: mask: 0xffffffffffffffff max_cycles: 0x24e6a1710, max_idle_ns: 440795202120 ns
May  8 05:29:09 moodledr kernel: [    0.000003] tsc: Marking TSC unstable due to running on Hyper-V
May  8 05:29:09 moodledr kernel: [    0.002765] tsc: Detected 2793.437 MHz processor
May  8 05:29:09 moodledr kernel: [    0.004753] e820: update [mem 0x00000000-0x00000fff] usable ==> reserved
May  8 05:29:09 moodledr kernel: [    0.004757] e820: remove [mem 0x000a0000-0x000fffff] usable
May  8 05:29:09 moodledr kernel: [    0.004764] last_pfn = 0x1c0000 max_arch_pfn = 0x400000000
May  8 05:29:09 moodledr kernel: [    0.007170] x86/PAT: Configuration [0-7]: WB  WC  UC- UC  WB  WP  UC- WT  
May  8 05:29:09 moodledr kernel: [    0.010173] e820: update [mem 0x40000000-0xffffffff] usable ==> reserved
May  8 05:29:09 moodledr kernel: [    0.011543] last_pfn = 0x40000 max_arch_pfn = 0x400000000
May  8 05:29:09 moodledr kernel: [    0.026002] Using GB pages for direct mapping
May  8 05:29:09 moodledr kernel: [    0.028622] secureboot: Secure boot disabled
May  8 05:29:09 moodledr kernel: [    0.030455] ACPI: Early table checksum verification disabled
May  8 05:29:09 moodledr kernel: [    0.032939] ACPI: RSDP 0x000000003FFFA014 000024 (v02 VRTUAL)
May  8 05:29:09 moodledr kernel: [    0.035375] ACPI: XSDT 0x000000003FFF90E8 000064 (v01 VRTUAL MICROSFT 00000001 MSFT 00000001)
May  8 05:29:09 moodledr kernel: [    0.039000] ACPI: FACP 0x000000003FFF8000 000114 (v06 VRTUAL MICROSFT 00000001 MSFT 00000001)
May  8 05:29:09 moodledr kernel: [    0.042716] ACPI: DSDT 0x000000003FFD6000 01E184 (v02 MSFTVM DSDT01   00000001 MSFT 05000000)
May  8 05:29:09 moodledr kernel: [    0.046381] ACPI: FACS 0x000000003FFFE000 000040
May  8 05:29:09 moodledr kernel: [    0.048385] ACPI: OEM0 0x000000003FFF7000 000064 (v01 VRTUAL MICROSFT 00000001 MSFT 00000001)
May  8 05:29:09 moodledr kernel: [    0.052063] ACPI: SPCR 0x000000003FFF6000 000050 (v02 VRTUAL MICROSFT 00000001 MSFT 00000001)
May  8 05:29:09 moodledr kernel: [    0.055771] ACPI: WAET 0x000000003FFF5000 000028 (v01 VRTUAL MICROSFT 00000001 MSFT 00000001)
May  8 05:29:09 moodledr kernel: [    0.059489] ACPI: APIC 0x000000003FFD5000 000058 (v04 VRTUAL MICROSFT 00000001 MSFT 00000001)
May  8 05:29:09 moodledr kernel: [    0.063210] ACPI: SRAT 0x000000003FFD4000 000190 (v02 VRTUAL MICROSFT 00000001 MSFT 00000001)
May  8 05:29:09 moodledr kernel: [    0.066839] ACPI: BGRT 0x000000003FFD3000 000038 (v01 VRTUAL MICROSFT 00000001 MSFT 00000001)
May  8 05:29:09 moodledr kernel: [    0.070452] ACPI: FPDT 0x000000003FFD2000 000034 (v01 VRTUAL MICROSFT 00000001 MSFT 00000001)
May  8 05:29:09 moodledr kernel: [    0.074174] ACPI: Reserving FACP table memory at [mem 0x3fff8000-0x3fff8113]
May  8 05:29:09 moodledr kernel: [    0.077308] ACPI: Reserving DSDT table memory at [mem 0x3ffd6000-0x3fff4183]
May  8 05:29:09 moodledr kernel: [    0.080302] ACPI: Reserving FACS table memory at [mem 0x3fffe000-0x3fffe03f]
May  8 05:29:09 moodledr kernel: [    0.083350] ACPI: Reserving OEM0 table memory at [mem 0x3fff7000-0x3fff7063]
May  8 05:29:09 moodledr kernel: [    0.086338] ACPI: Reserving SPCR table memory at [mem 0x3fff6000-0x3fff604f]
May  8 05:29:09 moodledr kernel: [    0.089406] ACPI: Reserving WAET table memory at [mem 0x3fff5000-0x3fff5027]
May  8 05:29:09 moodledr kernel: [    0.092466] ACPI: Reserving APIC table memory at [mem 0x3ffd5000-0x3ffd5057]
May  8 05:29:09 moodledr kernel: [    0.095488] ACPI: Reserving SRAT table memory at [mem 0x3ffd4000-0x3ffd418f]
May  8 05:29:09 moodledr kernel: [    0.098501] ACPI: Reserving BGRT table memory at [mem 0x3ffd3000-0x3ffd3037]
May  8 05:29:09 moodledr kernel: [    0.101531] ACPI: Reserving FPDT table memory at [mem 0x3ffd2000-0x3ffd2033]
May  8 05:29:09 moodledr kernel: [    0.104652] SRAT: PXM 0 -> APIC 0x00 -> Node 0
May  8 05:29:09 moodledr kernel: [    0.106610] SRAT: PXM 0 -> APIC 0x01 -> Node 0
May  8 05:29:09 moodledr kernel: [    0.108550] ACPI: SRAT: Node 0 PXM 0 [mem 0x00000000-0x3fffffff] hotplug
May  8 05:29:09 moodledr kernel: [    0.111460] ACPI: SRAT: Node 0 PXM 0 [mem 0x100000000-0x1bfffffff] hotplug
May  8 05:29:09 moodledr kernel: [    0.114510] ACPI: SRAT: Node 0 PXM 0 [mem 0x1c0200000-0xfdfffffff] hotplug
May  8 05:29:09 moodledr kernel: [    0.117441] ACPI: SRAT: Node 0 PXM 0 [mem 0x1000000000-0xffffffffff] hotplug
May  8 05:29:09 moodledr kernel: [    0.120512] ACPI: SRAT: Node 0 PXM 0 [mem 0x10000200000-0x1ffffffffff] hotplug
May  8 05:29:09 moodledr kernel: [    0.123772] ACPI: SRAT: Node 0 PXM 0 [mem 0x20000200000-0x3ffffffffff] hotplug
May  8 05:29:09 moodledr kernel: [    0.126935] ACPI: SRAT: Node 0 PXM 0 [mem 0x40000200000-0x7ffffffffff] hotplug
May  8 05:29:09 moodledr kernel: [    0.130278] ACPI: SRAT: Node 0 PXM 0 [mem 0x80000200000-0xfffffffffff] hotplug
May  8 05:29:09 moodledr kernel: [    0.133771] NUMA: Node 0 [mem 0x00000000-0x3fffffff] + [mem 0x100000000-0x1bfffffff] -> [mem 0x00000000-0x1bfffffff]
May  8 05:29:09 moodledr kernel: [    0.138657] NODE_DATA(0) allocated [mem 0x1bffd6000-0x1bfffffff]
May  8 05:29:09 moodledr kernel: [    0.141641] Zone ranges:
May  8 05:29:09 moodledr kernel: [    0.142798]   DMA      [mem 0x0000000000001000-0x0000000000ffffff]
May  8 05:29:09 moodledr kernel: [    0.145569]   DMA32    [mem 0x0000000001000000-0x00000000ffffffff]
May  8 05:29:09 moodledr kernel: [    0.148435]   Normal   [mem 0x0000000100000000-0x00000001bfffffff]
May  8 05:29:09 moodledr kernel: [    0.151202]   Device   empty
May  8 05:29:09 moodledr kernel: [    0.152880] Movable zone start for each node
May  8 05:29:09 moodledr kernel: [    0.154987] Early memory node ranges
May  8 05:29:09 moodledr kernel: [    0.156643]   node   0: [mem 0x0000000000001000-0x000000000009ffff]
May  8 05:29:09 moodledr kernel: [    0.159492]   node   0: [mem 0x0000000000100000-0x000000003ff40fff]
May  8 05:29:09 moodledr kernel: [    0.162263]   node   0: [mem 0x000000003ffff000-0x000000003fffffff]
May  8 05:29:09 moodledr kernel: [    0.165020]   node   0: [mem 0x0000000100000000-0x00000001bfffffff]
May  8 05:29:09 moodledr kernel: [    0.167681] Initmem setup node 0 [mem 0x0000000000001000-0x00000001bfffffff]
May  8 05:29:09 moodledr kernel: [    0.170969] On node 0, zone DMA: 1 pages in unavailable ranges
May  8 05:29:09 moodledr kernel: [    0.171003] On node 0, zone DMA: 96 pages in unavailable ranges
May  8 05:29:09 moodledr kernel: [    0.175333] On node 0, zone DMA32: 190 pages in unavailable ranges
May  8 05:29:09 moodledr kernel: [    0.183822] ACPI: PM-Timer IO Port: 0x408
May  8 05:29:09 moodledr kernel: [    0.188402] software IO TLB: swiotlb: Using 2 areas
May  8 05:29:09 moodledr kernel: [    0.190368] ACPI: LAPIC_NMI (acpi_id[0x01] dfl dfl lint[0x1])
May  8 05:29:09 moodledr kernel: [    0.192852] IOAPIC[0]: apic_id 2, version 17, address 0xfec00000, GSI 0-23
May  8 05:29:09 moodledr kernel: [    0.195531] ACPI: INT_SRC_OVR (bus 0 bus_irq 9 global_irq 9 high level)
May  8 05:29:09 moodledr kernel: [    0.198072] ACPI: Using ACPI (MADT) for SMP configuration information
May  8 05:29:09 moodledr kernel: [    0.200699] ACPI: SPCR: console: uart,io,0x3f8,115200
May  8 05:29:09 moodledr kernel: [    0.202751] smpboot: Allowing 2 CPUs, 0 hotplug CPUs
May  8 05:29:09 moodledr kernel: [    0.204680] PM: hibernation: Registered nosave memory: [mem 0x00000000-0x00000fff]
May  8 05:29:09 moodledr kernel: [    0.207592] PM: hibernation: Registered nosave memory: [mem 0x000a0000-0x000bffff]
May  8 05:29:09 moodledr kernel: [    0.210498] PM: hibernation: Registered nosave memory: [mem 0x000c0000-0x000fffff]
May  8 05:29:09 moodledr kernel: [    0.213418] PM: hibernation: Registered nosave memory: [mem 0x3ff41000-0x3ffc8fff]
May  8 05:29:09 moodledr kernel: [    0.216682] PM: hibernation: Registered nosave memory: [mem 0x3ffc9000-0x3fffafff]
May  8 05:29:09 moodledr kernel: [    0.219851] PM: hibernation: Registered nosave memory: [mem 0x3fffb000-0x3fffefff]
May  8 05:29:09 moodledr kernel: [    0.222903] PM: hibernation: Registered nosave memory: [mem 0x40000000-0xffffffff]
May  8 05:29:09 moodledr kernel: [    0.225799] [mem 0x40000000-0xffffffff] available for PCI devices
May  8 05:29:09 moodledr kernel: [    0.228128] Booting paravirtualized kernel on Hyper-V
May  8 05:29:09 moodledr kernel: [    0.230049] clocksource: refined-jiffies: mask: 0xffffffff max_cycles: 0xffffffff, max_idle_ns: 7645519600211568 ns
May  8 05:29:09 moodledr kernel: [    0.234281] setup_percpu: NR_CPUS:8192 nr_cpumask_bits:2 nr_cpu_ids:2 nr_node_ids:1
May  8 05:29:09 moodledr kernel: [    0.237505] percpu: Embedded 59 pages/cpu s204800 r8192 d28672 u1048576
May  8 05:29:09 moodledr kernel: [    0.240272] pcpu-alloc: s204800 r8192 d28672 u1048576 alloc=1*2097152
May  8 05:29:09 moodledr kernel: [    0.240275] pcpu-alloc: [0] 0 1 
May  8 05:29:09 moodledr kernel: [    0.240293] Hyper-V: PV spinlocks enabled
May  8 05:29:09 moodledr kernel: [    0.241830] PV qspinlock hash table entries: 256 (order: 0, 4096 bytes, linear)
May  8 05:29:09 moodledr kernel: [    0.244701] Built 1 zonelists, mobility grouping on.  Total pages: 1030426
May  8 05:29:09 moodledr kernel: [    0.247424] Policy zone: Normal
May  8 05:29:09 moodledr kernel: [    0.248672] Kernel command line: BOOT_IMAGE=/boot/vmlinuz-5.15.0-1035-azure root=PARTUUID=5ccd3576-3870-4c21-ba8c-d819cecaeb8e ro console=tty1 console=ttyS0 earlyprintk=ttyS0 panic=-1
May  8 05:29:09 moodledr kernel: [    0.255106] Unknown kernel command line parameters "BOOT_IMAGE=/boot/vmlinuz-5.15.0-1035-azure", will be passed to user space.
May  8 05:29:09 moodledr kernel: [    0.259841] Dentry cache hash table entries: 524288 (order: 10, 4194304 bytes, linear)
May  8 05:29:09 moodledr kernel: [    0.263202] Inode-cache hash table entries: 262144 (order: 9, 2097152 bytes, linear)
May  8 05:29:09 moodledr kernel: [    0.266243] mem auto-init: stack:off, heap alloc:on, heap free:off
May  8 05:29:09 moodledr kernel: [    0.287346] Memory: 3999104K/4193156K available (16392K kernel code, 4290K rwdata, 10392K rodata, 2976K init, 4864K bss, 193792K reserved, 0K cma-reserved)
May  8 05:29:09 moodledr kernel: [    0.293204] SLUB: HWalign=64, Order=0-3, MinObjects=0, CPUs=2, Nodes=1
May  8 05:29:09 moodledr kernel: [    0.295825] Kernel/User page tables isolation: enabled
May  8 05:29:09 moodledr kernel: [    0.297852] ftrace: allocating 48801 entries in 191 pages
May  8 05:29:09 moodledr kernel: [    0.326787] ftrace: allocated 191 pages with 7 groups
May  8 05:29:09 moodledr kernel: [    0.329471] rcu: Hierarchical RCU implementation.
May  8 05:29:09 moodledr kernel: [    0.331489] rcu: 	RCU restricting CPUs from NR_CPUS=8192 to nr_cpu_ids=2.
May  8 05:29:09 moodledr kernel: [    0.334421] 	Rude variant of Tasks RCU enabled.
May  8 05:29:09 moodledr kernel: [    0.336340] 	Tracing variant of Tasks RCU enabled.
May  8 05:29:09 moodledr kernel: [    0.338369] rcu: RCU calculated value of scheduler-enlistment delay is 25 jiffies.
May  8 05:29:09 moodledr kernel: [    0.341549] rcu: Adjusting geometry for rcu_fanout_leaf=16, nr_cpu_ids=2
May  8 05:29:09 moodledr kernel: [    0.348658] Using NULL legacy PIC
May  8 05:29:09 moodledr kernel: [    0.350340] NR_IRQS: 524544, nr_irqs: 440, preallocated irqs: 0
May  8 05:29:09 moodledr kernel: [    0.353221] Console: colour dummy device 80x25
May  8 05:29:09 moodledr kernel: [    0.355399] printk: console [tty1] enabled
May  8 05:29:09 moodledr kernel: [    0.357269] printk: console [ttyS0] enabled
May  8 05:29:09 moodledr kernel: [    0.361014] printk: bootconsole [earlyser0] disabled
May  8 05:29:09 moodledr kernel: [    0.365369] ACPI: Core revision 20210730
May  8 05:29:09 moodledr kernel: [    0.367227] Failed to register legacy timer interrupt
May  8 05:29:09 moodledr kernel: [    0.369404] APIC: Switch to symmetric I/O mode setup
May  8 05:29:09 moodledr kernel: [    0.371722] Hyper-V: Using IPI hypercalls
May  8 05:29:09 moodledr kernel: [    0.373542] Hyper-V: Using enlightened APIC (xapic mode)
May  8 05:29:09 moodledr kernel: [    0.373635] Calibrating delay loop (skipped), value calculated using timer frequency.. 5586.87 BogoMIPS (lpj=11173748)
May  8 05:29:09 moodledr kernel: [    0.377631] pid_max: default: 32768 minimum: 301
May  8 05:29:09 moodledr kernel: [    0.377631] LSM: Security Framework initializing
May  8 05:29:09 moodledr kernel: [    0.377631] landlock: Up and running.
May  8 05:29:09 moodledr kernel: [    0.377631] Yama: becoming mindful.
May  8 05:29:09 moodledr kernel: [    0.377631] AppArmor: AppArmor initialized
May  8 05:29:09 moodledr kernel: [    0.377631] Mount-cache hash table entries: 8192 (order: 4, 65536 bytes, linear)
May  8 05:29:09 moodledr kernel: [    0.377631] Mountpoint-cache hash table entries: 8192 (order: 4, 65536 bytes, linear)
May  8 05:29:09 moodledr kernel: [    0.377631] Last level iTLB entries: 4KB 0, 2MB 0, 4MB 0
May  8 05:29:09 moodledr kernel: [    0.377631] Last level dTLB entries: 4KB 0, 2MB 0, 4MB 0, 1GB 0
May  8 05:29:09 moodledr kernel: [    0.377631] Spectre V1 : Mitigation: usercopy/swapgs barriers and __user pointer sanitization
May  8 05:29:09 moodledr kernel: [    0.377631] Spectre V2 : Mitigation: Retpolines
May  8 05:29:09 moodledr kernel: [    0.377631] Spectre V2 : Spectre v2 / SpectreRSB mitigation: Filling RSB on context switch
May  8 05:29:09 moodledr kernel: [    0.377631] Spectre V2 : Spectre v2 / SpectreRSB : Filling RSB on VMEXIT
May  8 05:29:09 moodledr kernel: [    0.377631] Speculative Store Bypass: Vulnerable
May  8 05:29:09 moodledr kernel: [    0.377631] MDS: Mitigation: Clear CPU buffers
May  8 05:29:09 moodledr kernel: [    0.377631] TAA: Mitigation: Clear CPU buffers
May  8 05:29:09 moodledr kernel: [    0.377631] MMIO Stale Data: Vulnerable: Clear CPU buffers attempted, no microcode
May  8 05:29:09 moodledr kernel: [    0.377631] Freeing SMP alternatives memory: 44K
May  8 05:29:09 moodledr kernel: [    0.377631] smpboot: CPU0: Intel(R) Xeon(R) Platinum 8370C CPU @ 2.80GHz (family: 0x6, model: 0x6a, stepping: 0x6)
May  8 05:29:09 moodledr kernel: [    0.377757] Performance Events: unsupported p6 CPU model 106 no PMU driver, software events only.
May  8 05:29:09 moodledr kernel: [    0.381669] rcu: Hierarchical SRCU implementation.
May  8 05:29:09 moodledr kernel: [    0.384059] NMI watchdog: Perf NMI watchdog permanently disabled
May  8 05:29:09 moodledr kernel: [    0.385688] smp: Bringing up secondary CPUs ...
May  8 05:29:09 moodledr kernel: [    0.387788] x86: Booting SMP configuration:
May  8 05:29:09 moodledr kernel: [    0.389627] .... node  #0, CPUs:      #1
May  8 05:29:09 moodledr kernel: [    0.389949] smp: Brought up 1 node, 2 CPUs
May  8 05:29:09 moodledr kernel: [    0.393172] smpboot: Max logical packages: 1
May  8 05:29:09 moodledr kernel: [    0.393636] smpboot: Total of 2 processors activated (11173.74 BogoMIPS)
May  8 05:29:09 moodledr kernel: [    0.396899] devtmpfs: initialized
May  8 05:29:09 moodledr kernel: [    0.397677] x86/mm: Memory block size: 128MB
May  8 05:29:09 moodledr kernel: [    0.399886] ACPI: PM: Registering ACPI NVS region [mem 0x3fffb000-0x3fffefff] (16384 bytes)
May  8 05:29:09 moodledr kernel: [    0.401672] clocksource: jiffies: mask: 0xffffffff max_cycles: 0xffffffff, max_idle_ns: 7645041785100000 ns
May  8 05:29:09 moodledr kernel: [    0.405639] futex hash table entries: 512 (order: 3, 32768 bytes, linear)
May  8 05:29:09 moodledr kernel: [    0.408839] pinctrl core: initialized pinctrl subsystem
May  8 05:29:09 moodledr kernel: [    0.410070] PM: RTC time: 05:28:41, date: 2023-05-08
May  8 05:29:09 moodledr kernel: [    0.412403] NET: Registered PF_NETLINK/PF_ROUTE protocol family
May  8 05:29:09 moodledr kernel: [    0.413764] DMA: preallocated 512 KiB GFP_KERNEL pool for atomic allocations
May  8 05:29:09 moodledr kernel: [    0.416911] DMA: preallocated 512 KiB GFP_KERNEL|GFP_DMA pool for atomic allocations
May  8 05:29:09 moodledr kernel: [    0.417693] DMA: preallocated 512 KiB GFP_KERNEL|GFP_DMA32 pool for atomic allocations
May  8 05:29:09 moodledr kernel: [    0.421280] audit: initializing netlink subsys (disabled)
May  8 05:29:09 moodledr kernel: [    0.421671] audit: type=2000 audit(1683523721.048:1): state=initialized audit_enabled=0 res=1
May  8 05:29:09 moodledr kernel: [    0.421748] thermal_sys: Registered thermal governor 'fair_share'
May  8 05:29:09 moodledr kernel: [    0.425311] thermal_sys: Registered thermal governor 'bang_bang'
May  8 05:29:09 moodledr kernel: [    0.425635] thermal_sys: Registered thermal governor 'step_wise'
May  8 05:29:09 moodledr kernel: [    0.428493] thermal_sys: Registered thermal governor 'user_space'
May  8 05:29:09 moodledr kernel: [    0.429634] thermal_sys: Registered thermal governor 'power_allocator'
May  8 05:29:09 moodledr kernel: [    0.432492] EISA bus registered
May  8 05:29:09 moodledr kernel: [    0.435075] cpuidle: using governor ladder
May  8 05:29:09 moodledr kernel: [    0.436917] cpuidle: using governor menu
May  8 05:29:09 moodledr kernel: [    0.437677] ACPI: bus type PCI registered
May  8 05:29:09 moodledr kernel: [    0.439500] acpiphp: ACPI Hot Plug PCI Controller Driver version: 0.5
May  8 05:29:09 moodledr kernel: [    0.443044] Kprobes globally optimized
May  8 05:29:09 moodledr kernel: [    0.444767] HugeTLB registered 1.00 GiB page size, pre-allocated 0 pages
May  8 05:29:09 moodledr kernel: [    0.445640] HugeTLB registered 2.00 MiB page size, pre-allocated 0 pages
May  8 05:29:09 moodledr kernel: [    0.449693] ACPI: Added _OSI(Module Device)
May  8 05:29:09 moodledr kernel: [    0.451682] ACPI: Added _OSI(Processor Device)
May  8 05:29:09 moodledr kernel: [    0.453639] ACPI: Added _OSI(3.0 _SCP Extensions)
May  8 05:29:09 moodledr kernel: [    0.456095] ACPI: Added _OSI(Processor Aggregator Device)
May  8 05:29:09 moodledr kernel: [    0.457650] ACPI: Added _OSI(Linux-Dell-Video)
May  8 05:29:09 moodledr kernel: [    0.459776] ACPI: Added _OSI(Linux-Lenovo-NV-HDMI-Audio)
May  8 05:29:09 moodledr kernel: [    0.461635] ACPI: Added _OSI(Linux-HPI-Hybrid-Graphics)
May  8 05:29:09 moodledr kernel: [    0.475345] ACPI: 1 ACPI AML tables successfully acquired and loaded
May  8 05:29:09 moodledr kernel: [    0.478407] ACPI: Interpreter enabled
May  8 05:29:09 moodledr kernel: [    0.480163] ACPI: PM: (supports S0 S5)
May  8 05:29:09 moodledr kernel: [    0.481645] ACPI: Using IOAPIC for interrupt routing
May  8 05:29:09 moodledr kernel: [    0.484019] PCI: Using host bridge windows from ACPI; if necessary, use "pci=nocrs" and report a bug
May  8 05:29:09 moodledr kernel: [    0.485641] PCI: Using E820 reservations for host bridge windows
May  8 05:29:09 moodledr kernel: [    0.488375] ACPI: Enabled 1 GPEs in block 00 to 0F
May  8 05:29:09 moodledr kernel: [    0.490642] iommu: Default domain type: Translated 
May  8 05:29:09 moodledr kernel: [    0.492031] iommu: DMA domain TLB invalidation policy: lazy mode 
May  8 05:29:09 moodledr kernel: [    0.493748] SCSI subsystem initialized
May  8 05:29:09 moodledr kernel: [    0.495429] libata version 3.00 loaded.
May  8 05:29:09 moodledr kernel: [    0.495429] vgaarb: loaded
May  8 05:29:09 moodledr kernel: [    0.495429] ACPI: bus type USB registered
May  8 05:29:09 moodledr kernel: [    0.497648] usbcore: registered new interface driver usbfs
May  8 05:29:09 moodledr kernel: [    0.500077] usbcore: registered new interface driver hub
May  8 05:29:09 moodledr kernel: [    0.501638] usbcore: registered new device driver usb
May  8 05:29:09 moodledr kernel: [    0.504052] pps_core: LinuxPPS API ver. 1 registered
May  8 05:29:09 moodledr kernel: [    0.505634] pps_core: Software ver. 5.3.6 - Copyright 2005-2007 Rodolfo Giometti <giometti@linux.it>
May  8 05:29:09 moodledr kernel: [    0.509636] PTP clock support registered
May  8 05:29:09 moodledr kernel: [    0.511403] EDAC MC: Ver: 3.0.0
May  8 05:29:09 moodledr kernel: [    0.511403] Registered efivars operations
May  8 05:29:09 moodledr kernel: [    0.513723] hv_vmbus: Vmbus version:4.0
May  8 05:29:09 moodledr kernel: [    0.515293] hv_vmbus: Unknown GUID: c376c1c3-d276-48d2-90a9-c04748072c60
May  8 05:29:09 moodledr kernel: [    0.518030] NetLabel: Initializing
May  8 05:29:09 moodledr kernel: [    0.519423] NetLabel:  domain hash size = 128
May  8 05:29:09 moodledr kernel: [    0.521131] NetLabel:  protocols = UNLABELED CIPSOv4 CALIPSO
May  8 05:29:09 moodledr kernel: [    0.521651] NetLabel:  unlabeled traffic allowed by default
May  8 05:29:09 moodledr kernel: [    0.523849] PCI: Using ACPI for IRQ routing
May  8 05:29:09 moodledr kernel: [    0.523849] PCI: System does not support PCI
May  8 05:29:09 moodledr kernel: [    0.525701] clocksource: Switched to clocksource hyperv_clocksource_tsc_page
May  8 05:29:09 moodledr kernel: [    0.541758] VFS: Disk quotas dquot_6.6.0
May  8 05:29:09 moodledr kernel: [    0.543527] VFS: Dquot-cache hash table entries: 512 (order 0, 4096 bytes)
May  8 05:29:09 moodledr kernel: [    0.546633] AppArmor: AppArmor Filesystem Enabled
May  8 05:29:09 moodledr kernel: [    0.548537] pnp: PnP ACPI init
May  8 05:29:09 moodledr kernel: [    0.549908] pnp: PnP ACPI: found 3 devices
May  8 05:29:09 moodledr kernel: [    0.559144] clocksource: acpi_pm: mask: 0xffffff max_cycles: 0xffffff, max_idle_ns: 2085701024 ns
May  8 05:29:09 moodledr kernel: [    0.563878] NET: Registered PF_INET protocol family
May  8 05:29:09 moodledr kernel: [    0.565965] IP idents hash table entries: 65536 (order: 7, 524288 bytes, linear)
May  8 05:29:09 moodledr kernel: [    0.569697] tcp_listen_portaddr_hash hash table entries: 2048 (order: 3, 32768 bytes, linear)
May  8 05:29:09 moodledr kernel: [    0.573176] Table-perturb hash table entries: 65536 (order: 6, 262144 bytes, linear)
May  8 05:29:09 moodledr kernel: [    0.576370] TCP established hash table entries: 32768 (order: 6, 262144 bytes, linear)
May  8 05:29:09 moodledr kernel: [    0.579612] TCP bind hash table entries: 32768 (order: 7, 524288 bytes, linear)
May  8 05:29:09 moodledr kernel: [    0.582599] TCP: Hash tables configured (established 32768 bind 32768)
May  8 05:29:09 moodledr kernel: [    0.586245] MPTCP token hash table entries: 4096 (order: 4, 98304 bytes, linear)
May  8 05:29:09 moodledr kernel: [    0.589273] UDP hash table entries: 2048 (order: 4, 65536 bytes, linear)
May  8 05:29:09 moodledr kernel: [    0.592175] UDP-Lite hash table entries: 2048 (order: 4, 65536 bytes, linear)
May  8 05:29:09 moodledr kernel: [    0.595006] NET: Registered PF_UNIX/PF_LOCAL protocol family
May  8 05:29:09 moodledr kernel: [    0.597322] NET: Registered PF_XDP protocol family
May  8 05:29:09 moodledr kernel: [    0.599787] PCI: CLS 0 bytes, default 64
May  8 05:29:09 moodledr kernel: [    0.601373] PCI-DMA: Using software bounce buffering for IO (SWIOTLB)
May  8 05:29:09 moodledr kernel: [    0.603930] software IO TLB: mapped [mem 0x000000003a95f000-0x000000003e95f000] (64MB)
May  8 05:29:09 moodledr kernel: [    0.607540] Initialise system trusted keyrings
May  8 05:29:09 moodledr kernel: [    0.609332] Key type blacklist registered
May  8 05:29:09 moodledr kernel: [    0.611030] workingset: timestamp_bits=36 max_order=20 bucket_order=0
May  8 05:29:09 moodledr kernel: [    0.614531] zbud: loaded
May  8 05:29:09 moodledr kernel: [    0.615829] squashfs: version 4.0 (2009/01/31) Phillip Lougher
May  8 05:29:09 moodledr kernel: [    0.618323] fuse: init (API version 7.34)
May  8 05:29:09 moodledr kernel: [    0.620099] integrity: Platform Keyring initialized
May  8 05:29:09 moodledr kernel: [    0.633085] Key type asymmetric registered
May  8 05:29:09 moodledr kernel: [    0.635019] Asymmetric key parser 'x509' registered
May  8 05:29:09 moodledr kernel: [    0.637011] Block layer SCSI generic (bsg) driver version 0.4 loaded (major 244)
May  8 05:29:09 moodledr kernel: [    0.640028] io scheduler mq-deadline registered
May  8 05:29:09 moodledr kernel: [    0.642044] shpchp: Standard Hot Plug PCI Controller Driver version: 0.4
May  8 05:29:09 moodledr kernel: [    0.644732] hv_vmbus: registering driver hv_pci
May  8 05:29:09 moodledr kernel: [    0.646805] Serial: 8250/16550 driver, 32 ports, IRQ sharing enabled
May  8 05:29:09 moodledr kernel: [    0.674615] 00:00: ttyS0 at I/O 0x3f8 (irq = 4, base_baud = 115200) is a 16550A
May  8 05:29:09 moodledr kernel: [    0.703054] 00:01: ttyS1 at I/O 0x2f8 (irq = 3, base_baud = 115200) is a 16550A
May  8 05:29:09 moodledr kernel: [    0.707362] Linux agpgart interface v0.103
May  8 05:29:09 moodledr kernel: [    0.710368] loop: module loaded
May  8 05:29:09 moodledr kernel: [    0.712418] hv_vmbus: registering driver hv_storvsc
May  8 05:29:09 moodledr kernel: [    0.715527] tun: Universal TUN/TAP device driver, 1.6
May  8 05:29:09 moodledr kernel: [    0.717782] PPP generic driver version 2.4.2
May  8 05:29:09 moodledr kernel: [    0.717800] scsi host0: storvsc_host_t
May  8 05:29:09 moodledr kernel: [    0.719771] VFIO - User Level meta-driver version: 0.3
May  8 05:29:09 moodledr kernel: [    0.721856] scsi 0:0:0:0: Direct-Access     Msft     Virtual Disk     1.0  PQ: 0 ANSI: 5
May  8 05:29:09 moodledr kernel: [    0.723732] scsi host1: storvsc_host_t
May  8 05:29:09 moodledr kernel: [    0.727898] scsi 0:0:0:1: Direct-Access     Msft     Virtual Disk     1.0  PQ: 0 ANSI: 5
May  8 05:29:09 moodledr kernel: [    0.732973] i8042: PNP: No PS/2 controller found.
May  8 05:29:09 moodledr kernel: [    0.735337] mousedev: PS/2 mouse device common for all mice
May  8 05:29:09 moodledr kernel: [    0.737816] scsi 0:0:0:0: Attached scsi generic sg0 type 0
May  8 05:29:09 moodledr kernel: [    0.739964] rtc_cmos 00:02: registered as rtc0
May  8 05:29:09 moodledr kernel: [    0.741130] sd 0:0:0:0: [sda] 62916608 512-byte logical blocks: (32.2 GB/30.0 GiB)
May  8 05:29:09 moodledr kernel: [    0.743087] rtc_cmos 00:02: setting system clock to 2023-05-08T05:28:41 UTC (1683523721)
May  8 05:29:09 moodledr kernel: [    0.745997] sd 0:0:0:0: [sda] 4096-byte physical blocks
May  8 05:29:09 moodledr kernel: [    0.746086] sd 0:0:0:0: [sda] Write Protect is off
May  8 05:29:09 moodledr kernel: [    0.749789] rtc_cmos 00:02: alarms up to one month, 114 bytes nvram
May  8 05:29:09 moodledr kernel: [    0.752112] sd 0:0:0:0: [sda] Mode Sense: 0f 00 10 00
May  8 05:29:09 moodledr kernel: [    0.754292] device-mapper: core: CONFIG_IMA_DISABLE_HTABLE is disabled. Duplicate IMA measurements will not be recorded in the IMA log.
May  8 05:29:09 moodledr kernel: [    0.757090] sd 0:0:0:1: Attached scsi generic sg1 type 0
May  8 05:29:09 moodledr kernel: [    0.762296] device-mapper: uevent: version 1.0.3
May  8 05:29:09 moodledr kernel: [    0.764755] sd 0:0:0:0: [sda] Write cache: enabled, read cache: enabled, supports DPO and FUA
May  8 05:29:09 moodledr kernel: [    0.766558] device-mapper: ioctl: 4.45.0-ioctl (2021-03-22) initialised: dm-devel@redhat.com
May  8 05:29:09 moodledr kernel: [    0.773389] platform eisa.0: Probing EISA bus 0
May  8 05:29:09 moodledr kernel: [    0.775254] platform eisa.0: EISA: Detected 0 cards
May  8 05:29:09 moodledr kernel: [    0.777172] intel_pstate: CPU model not supported
May  8 05:29:09 moodledr kernel: [    0.777837] sd 0:0:0:1: [sdb] 16777216 512-byte logical blocks: (8.59 GB/8.00 GiB)
May  8 05:29:09 moodledr kernel: [    0.779041] EFI Variables Facility v0.08 2004-May-17
May  8 05:29:09 moodledr kernel: [    0.782029] sd 0:0:0:1: [sdb] 4096-byte physical blocks
May  8 05:29:09 moodledr kernel: [    0.786561] sd 0:0:0:1: [sdb] Write Protect is off
May  8 05:29:09 moodledr kernel: [    0.788254] hv_utils: Registering HyperV Utility Driver
May  8 05:29:09 moodledr kernel: [    0.788684] sd 0:0:0:1: [sdb] Mode Sense: 0f 00 10 00
May  8 05:29:09 moodledr kernel: [    0.790750] hv_vmbus: registering driver hv_utils
May  8 05:29:09 moodledr kernel: [    0.790830] sd 0:0:0:1: [sdb] Write cache: disabled, read cache: enabled, supports DPO and FUA
May  8 05:29:09 moodledr kernel: [    0.792941] hv_vmbus: registering driver hv_balloon
May  8 05:29:09 moodledr kernel: [    0.797274]  sda: sda1 sda14 sda15
May  8 05:29:09 moodledr kernel: [    0.798693] hv_utils: Heartbeat IC version 3.0
May  8 05:29:09 moodledr kernel: [    0.801791] drop_monitor: Initializing network drop monitor service
May  8 05:29:09 moodledr kernel: [    0.804315] hv_utils: Shutdown IC version 3.2
May  8 05:29:09 moodledr kernel: [    0.804319] hv_utils: TimeSync IC version 4.0
May  8 05:29:09 moodledr kernel: [    0.807946] hv_balloon: Using Dynamic Memory protocol version 2.0
May  8 05:29:09 moodledr kernel: [    0.808063] NET: Registered PF_INET6 protocol family
May  8 05:29:09 moodledr kernel: [    0.813025] Segment Routing with IPv6
May  8 05:29:09 moodledr kernel: [    0.814616] In-situ OAM (IOAM) with IPv6
May  8 05:29:09 moodledr kernel: [    0.816250] NET: Registered PF_PACKET protocol family
May  8 05:29:09 moodledr kernel: [    0.818316] Key type dns_resolver registered
May  8 05:29:09 moodledr kernel: [    0.820157] IPI shorthand broadcast: enabled
May  8 05:29:09 moodledr kernel: [    0.821845] sd 0:0:0:0: [sda] Attached SCSI disk
May  8 05:29:09 moodledr kernel: [    0.821876] sched_clock: Marking stable (801416100, 20443900)->(937760800, -115900800)
May  8 05:29:09 moodledr kernel: [    0.823943]  sdb: sdb1
May  8 05:29:09 moodledr kernel: [    0.827924] registered taskstats version 1
May  8 05:29:09 moodledr kernel: [    0.829672] Loading compiled-in X.509 certificates
May  8 05:29:09 moodledr kernel: [    0.832279] Loaded X.509 cert 'Build time autogenerated kernel key: 35dc1d4aaaa6672492b037f554264e2f70ba8faf'
May  8 05:29:09 moodledr kernel: [    0.836733] Loaded X.509 cert 'Canonical Ltd. Live Patch Signing: 14df34d1a87cf37625abec039ef2bf521249b969'
May  8 05:29:09 moodledr kernel: [    0.841104] Loaded X.509 cert 'Canonical Ltd. Kernel Module Signing: 88f752e560a1e0737e31163a466ad7b70a850c19'
May  8 05:29:09 moodledr kernel: [    0.841914] sd 0:0:0:1: [sdb] Attached SCSI disk
May  8 05:29:09 moodledr kernel: [    0.845059] blacklist: Loading compiled-in revocation X.509 certificates
May  8 05:29:09 moodledr kernel: [    0.849517] Loaded X.509 cert 'Canonical Ltd. Secure Boot Signing: 61482aa2830d0ab2ad5af10b7250da9033ddcef0'
May  8 05:29:09 moodledr kernel: [    0.853497] Loaded X.509 cert 'Canonical Ltd. Secure Boot Signing (2017): 242ade75ac4a15e50d50c84b0d45ff3eae707a03'
May  8 05:29:09 moodledr kernel: [    0.857554] Loaded X.509 cert 'Canonical Ltd. Secure Boot Signing (ESM 2018): 365188c1d374d6b07c3c8f240f8ef722433d6a8b'
May  8 05:29:09 moodledr kernel: [    0.861864] Loaded X.509 cert 'Canonical Ltd. Secure Boot Signing (2019): c0746fd6c5da3ae827864651ad66ae47fe24b3e8'
May  8 05:29:09 moodledr kernel: [    0.866337] Loaded X.509 cert 'Canonical Ltd. Secure Boot Signing (2021 v1): a8d54bbb3825cfb94fa13c9f8a594a195c107b8d'
May  8 05:29:09 moodledr kernel: [    0.870514] Loaded X.509 cert 'Canonical Ltd. Secure Boot Signing (2021 v2): 4cf046892d6fd3c9a5b03f98d845f90851dc6a8c'
May  8 05:29:09 moodledr kernel: [    0.874737] Loaded X.509 cert 'Canonical Ltd. Secure Boot Signing (2021 v3): 100437bb6de6e469b581e61cd66bce3ef4ed53af'
May  8 05:29:09 moodledr kernel: [    0.878947] Loaded X.509 cert 'Canonical Ltd. Secure Boot Signing (Ubuntu Core 2019): c1d57b8f6b743f23ee41f4f7ee292f06eecadfb9'
May  8 05:29:09 moodledr kernel: [    0.883482] zswap: loaded using pool lzo/zbud
May  8 05:29:09 moodledr kernel: [    0.885416] Key type .fscrypt registered
May  8 05:29:09 moodledr kernel: [    0.886992] Key type fscrypt-provisioning registered
May  8 05:29:09 moodledr kernel: [    0.889416] Key type encrypted registered
May  8 05:29:09 moodledr kernel: [    0.891024] AppArmor: AppArmor sha1 policy hashing enabled
May  8 05:29:09 moodledr systemd[1]: Started System Logging Service.
May  8 05:29:09 moodledr python3[704]: /usr/sbin/waagent:27: DeprecationWarning: the imp module is deprecated in favour of importlib and slated for removal in Python 3.12; see the module's documentation for alternative uses
May  8 05:29:09 moodledr kernel: [    0.893836] integrity: Loading X.509 certificate: UEFI:db
May  8 05:29:09 moodledr kernel: [    0.895962] integrity: Loaded X.509 cert 'Microsoft Windows Production PCA 2011: a92902398e16c49778cd90f99e4f9ae17c55af53'
May  8 05:29:09 moodledr kernel: [    0.900707] integrity: Loading X.509 certificate: UEFI:MokListRT (MOKvar table)
May  8 05:29:09 moodledr kernel: [    0.904202] integrity: Loaded X.509 cert 'Canonical Ltd. Master Certificate Authority: ad91990bc22ab1f517048c23b6655a268e345a63'
May  8 05:29:09 moodledr kernel: [    0.908740] ima: No TPM chip found, activating TPM-bypass!
May  8 05:29:09 moodledr kernel: [    0.910987] Loading compiled-in module X.509 certificates
May  8 05:29:09 moodledr kernel: [    0.913739] Loaded X.509 cert 'Build time autogenerated kernel key: 35dc1d4aaaa6672492b037f554264e2f70ba8faf'
May  8 05:29:09 moodledr kernel: [    0.917541] ima: Allocated hash algorithm: sha1
May  8 05:29:09 moodledr kernel: [    0.919332] ima: No architecture policies found
May  8 05:29:09 moodledr kernel: [    0.921111] evm: Initialising EVM extended attributes:
May  8 05:29:09 moodledr kernel: [    0.923127] evm: security.selinux
May  8 05:29:09 moodledr kernel: [    0.924496] evm: security.SMACK64
May  8 05:29:09 moodledr kernel: [    0.925810] evm: security.SMACK64EXEC
May  8 05:29:09 moodledr kernel: [    0.927296] evm: security.SMACK64TRANSMUTE
May  8 05:29:09 moodledr kernel: [    0.928926] evm: security.SMACK64MMAP
May  8 05:29:09 moodledr kernel: [    0.930422] evm: security.apparmor
May  8 05:29:09 moodledr kernel: [    0.931888] evm: security.ima
May  8 05:29:09 moodledr kernel: [    0.933069] evm: security.capability
May  8 05:29:09 moodledr kernel: [    0.934519] evm: HMAC attrs: 0x1
May  8 05:29:09 moodledr kernel: [    0.936043] PM:   Magic number: 7:49:466
May  8 05:29:09 moodledr kernel: [    0.937724] RAS: Correctable Errors collector initialized.
May  8 05:29:09 moodledr kernel: [    0.940672] md: Waiting for all devices to be available before autodetect
May  8 05:29:09 moodledr kernel: [    0.943378] md: If you don't use raid, use raid=noautodetect
May  8 05:29:09 moodledr kernel: [    0.945602] md: Autodetecting RAID arrays.
May  8 05:29:09 moodledr kernel: [    0.947283] md: autorun ...
May  8 05:29:09 moodledr kernel: [    0.948408] md: ... autorun DONE.
May  8 05:29:09 moodledr kernel: [    0.951964] EXT4-fs (sda1): mounted filesystem with ordered data mode. Opts: (null). Quota mode: none.
May  8 05:29:09 moodledr kernel: [    0.955677] VFS: Mounted root (ext4 filesystem) readonly on device 8:1.
May  8 05:29:09 moodledr kernel: [    0.958900] devtmpfs: mounted
May  8 05:29:09 moodledr kernel: [    0.964121] Freeing unused decrypted memory: 2036K
May  8 05:29:09 moodledr kernel: [    0.966656] Freeing unused kernel image (initmem) memory: 2976K
May  8 05:29:09 moodledr kernel: [    0.973642] Write protecting the kernel read-only data: 30720k
May  8 05:29:09 moodledr kernel: [    0.976564] Freeing unused kernel image (text/rodata gap) memory: 2036K
May  8 05:29:09 moodledr kernel: [    0.979541] Freeing unused kernel image (rodata/data gap) memory: 1896K
May  8 05:29:09 moodledr kernel: [    1.038870] x86/mm: Checked W+X mappings: passed, no W+X pages found.
May  8 05:29:09 moodledr kernel: [    1.041964] x86/mm: Checking user space page tables
May  8 05:29:09 moodledr kernel: [    1.098805] x86/mm: Checked W+X mappings: passed, no W+X pages found.
May  8 05:29:09 moodledr kernel: [    1.102050] Run /sbin/init as init process
May  8 05:29:09 moodledr kernel: [    1.103808]   with arguments:
May  8 05:29:09 moodledr kernel: [    1.103810]     /sbin/init
May  8 05:29:09 moodledr kernel: [    1.103811]   with environment:
May  8 05:29:09 moodledr kernel: [    1.103812]     HOME=/
May  8 05:29:09 moodledr kernel: [    1.103812]     TERM=linux
May  8 05:29:09 moodledr kernel: [    1.103813]     BOOT_IMAGE=/boot/vmlinuz-5.15.0-1035-azure
May  8 05:29:09 moodledr kernel: [    1.229082] systemd[1]: Inserted module 'autofs4'
May  8 05:29:09 moodledr kernel: [    1.250533] systemd[1]: systemd 249.11-0ubuntu3.7 running in system mode (+PAM +AUDIT +SELINUX +APPARMOR +IMA +SMACK +SECCOMP +GCRYPT +GNUTLS +OPENSSL +ACL +BLKID +CURL +ELFUTILS +FIDO2 +IDN2 -IDN +IPTC +KMOD +LIBCRYPTSETUP +LIBFDISK +PCRE2 -PWQUALITY -P11KIT -QRENCODE +BZIP2 +LZ4 +XZ +ZLIB +ZSTD -XKBCOMMON +UTMP +SYSVINIT default-hierarchy=unified)
May  8 05:29:09 moodledr kernel: [    1.264606] systemd[1]: Detected virtualization microsoft.
May  8 05:29:09 moodledr kernel: [    1.267199] systemd[1]: Detected architecture x86-64.
May  8 05:29:09 moodledr kernel: [    1.361063] systemd[1]: Hostname set to <moodledr>.
May  8 05:29:09 moodledr kernel: [    1.726922] systemd[1]: Queued start job for default target Graphical Interface.
May  8 05:29:09 moodledr kernel: [    1.730379] systemd[1]: Unnecessary job was removed for /sys/devices/virtual/misc/vmbus!hv_vss.
May  8 05:29:09 moodledr kernel: [    1.734127] systemd[1]: Unnecessary job was removed for /sys/devices/virtual/misc/vmbus!hv_fcopy.
May  8 05:29:09 moodledr kernel: [    1.754314] systemd[1]: Created slice Slice for Azure VM Agent and Extensions.
May  8 05:29:09 moodledr kernel: [    1.760768] systemd[1]: Created slice Slice /system/modprobe.
May  8 05:29:09 moodledr kernel: [    1.765780] systemd[1]: Created slice Slice /system/serial-getty.
May  8 05:29:09 moodledr kernel: [    1.770936] systemd[1]: Created slice Slice /system/systemd-fsck.
May  8 05:29:09 moodledr kernel: [    1.775948] systemd[1]: Created slice User and Session Slice.
May  8 05:29:09 moodledr kernel: [    1.780588] systemd[1]: Started Forward Password Requests to Wall Directory Watch.
May  8 05:29:09 moodledr kernel: [    1.786838] systemd[1]: Set up automount Arbitrary Executable File Formats File System Automount Point.
May  8 05:29:09 moodledr kernel: [    1.793587] systemd[1]: Reached target Slice Units.
May  8 05:29:09 moodledr kernel: [    1.797640] systemd[1]: Reached target Mounting snaps.
May  8 05:29:09 moodledr kernel: [    1.801842] systemd[1]: Reached target Swaps.
May  8 05:29:09 moodledr kernel: [    1.805444] systemd[1]: Reached target System Time Set.
May  8 05:29:09 moodledr kernel: [    1.809628] systemd[1]: Reached target Local Verity Protected Volumes.
May  8 05:29:09 moodledr kernel: [    1.815176] systemd[1]: Listening on Device-mapper event daemon FIFOs.
May  8 05:29:09 moodledr kernel: [    1.820420] systemd[1]: Listening on LVM2 poll daemon socket.
May  8 05:29:09 moodledr kernel: [    1.824906] systemd[1]: Listening on multipathd control socket.
May  8 05:29:09 moodledr kernel: [    1.829465] systemd[1]: Listening on Syslog Socket.
May  8 05:29:09 moodledr kernel: [    1.833230] systemd[1]: Listening on fsck to fsckd communication Socket.
May  8 05:29:09 moodledr kernel: [    1.838094] systemd[1]: Listening on initctl Compatibility Named Pipe.
May  8 05:29:09 moodledr kernel: [    1.843173] systemd[1]: Listening on Journal Audit Socket.
May  8 05:29:09 moodledr kernel: [    1.847616] systemd[1]: Listening on Journal Socket (/dev/log).
May  8 05:29:09 moodledr kernel: [    1.852144] systemd[1]: Listening on Journal Socket.
May  8 05:29:09 moodledr kernel: [    1.855950] systemd[1]: Listening on Network Service Netlink Socket.
May  8 05:29:09 moodledr kernel: [    1.860634] systemd[1]: Listening on udev Control Socket.
May  8 05:29:09 moodledr kernel: [    1.865138] systemd[1]: Listening on udev Kernel Socket.
May  8 05:29:09 moodledr kernel: [    1.886234] systemd[1]: Mounting Huge Pages File System...
May  8 05:29:09 moodledr kernel: [    1.890984] systemd[1]: Mounting POSIX Message Queue File System...
May  8 05:29:09 moodledr kernel: [    1.896092] systemd[1]: Mounting Kernel Debug File System...
May  8 05:29:09 moodledr kernel: [    1.900749] systemd[1]: Mounting Kernel Trace File System...
May  8 05:29:09 moodledr kernel: [    1.906097] systemd[1]: Starting Journal Service...
May  8 05:29:09 moodledr kernel: [    1.911059] systemd[1]: Starting Set the console keyboard layout...
May  8 05:29:09 moodledr kernel: [    1.917486] systemd[1]: Starting Create List of Static Device Nodes...
May  8 05:29:09 moodledr kernel: [    1.924500] systemd[1]: Starting Monitoring of LVM2 mirrors, snapshots etc. using dmeventd or progress polling...
